###############################################################################
#
# IAR ANSI C/C++ Compiler V7.20.2.7424/W32 for ARM        09/Jun/2019  20:28:42
# Copyright 1999-2014 IAR Systems AB.
#
#    Cpu mode     =  thumb
#    Endian       =  little
#    Source file  =  
#        F:\FLT\GitHub\TestEng_BootLoader\TestEng_BootLoader\Boot\BootOth\src\command.c
#    Command line =  
#        F:\FLT\GitHub\TestEng_BootLoader\TestEng_BootLoader\Boot\BootOth\src\command.c
#        -lcN
#        F:\FLT\GitHub\TestEng_BootLoader\TestEng_BootLoader\Boot\BootPrj\BootOutput\List\
#        -lb
#        F:\FLT\GitHub\TestEng_BootLoader\TestEng_BootLoader\Boot\BootPrj\BootOutput\List\
#        -o
#        F:\FLT\GitHub\TestEng_BootLoader\TestEng_BootLoader\Boot\BootPrj\BootOutput\Obj\
#        --no_cse --no_unroll --no_inline --no_code_motion --no_tbaa
#        --no_clustering --no_scheduling --debug --endian=little
#        --cpu=Cortex-M3 -e --fpu=None --dlib_config "E:\Program Files
#        (x86)\IAR Systems\Embedded Workbench
#        7.0\arm\INC\c\DLib_Config_Normal.h" -I
#        F:\FLT\GitHub\TestEng_BootLoader\TestEng_BootLoader\Boot\BootPrj\..\BootApp\inc\
#        -I
#        F:\FLT\GitHub\TestEng_BootLoader\TestEng_BootLoader\Boot\BootPrj\..\BootDrv\inc\
#        -I
#        F:\FLT\GitHub\TestEng_BootLoader\TestEng_BootLoader\Boot\BootPrj\..\BootOth\inc\
#        -I
#        F:\FLT\GitHub\TestEng_BootLoader\TestEng_BootLoader\Boot\BootPrj\..\..\Libraries\CMSIS\
#        -I
#        F:\FLT\GitHub\TestEng_BootLoader\TestEng_BootLoader\Boot\BootPrj\..\..\Libraries\STM32F10x_StdPeriph_Driver\inc\
#        -I
#        F:\FLT\GitHub\TestEng_BootLoader\TestEng_BootLoader\Boot\BootPrj\..\modbus\ascii\
#        -I
#        F:\FLT\GitHub\TestEng_BootLoader\TestEng_BootLoader\Boot\BootPrj\..\modbus\include\
#        -I
#        F:\FLT\GitHub\TestEng_BootLoader\TestEng_BootLoader\Boot\BootPrj\..\modbus\modbus_port\
#        -I
#        F:\FLT\GitHub\TestEng_BootLoader\TestEng_BootLoader\Boot\BootPrj\..\modbus\rtu\
#        -I
#        F:\FLT\GitHub\TestEng_BootLoader\TestEng_BootLoader\Boot\BootPrj\..\modbus\tcp\
#        -On -I "E:\Program Files (x86)\IAR Systems\Embedded Workbench
#        7.0\arm\CMSIS\Include\"
#    List file    =  
#        F:\FLT\GitHub\TestEng_BootLoader\TestEng_BootLoader\Boot\BootPrj\BootOutput\List\command.lst
#    Object file  =  
#        F:\FLT\GitHub\TestEng_BootLoader\TestEng_BootLoader\Boot\BootPrj\BootOutput\Obj\command.o
#
###############################################################################

F:\FLT\GitHub\TestEng_BootLoader\TestEng_BootLoader\Boot\BootOth\src\command.c
      1          /**
      2            ******************************************************************************
      3            * @file    command.c  burn in system
      4            * @author  h&h
      5            * @version 
      6            * @date    
      7            * @brief   command.c
      8            ******************************************************************************
      9            * 
     10            *
     11            */ 
     12          
     13          #include "include.h"
     14          #include "port.h"
     15          
     16          
     17          
     18          
     19          #endif
     20          /******************* (C) COPYRIGHT 2018 *****END OF FILE****/

Errors: 1
Warnings: none
