###############################################################################
#
# IAR ANSI C/C++ Compiler V7.20.2.7424/W32 for ARM        09/Jun/2019  18:13:08
# Copyright 1999-2014 IAR Systems AB.
#
#    Cpu mode     =  thumb
#    Endian       =  little
#    Source file  =  
#        F:\FLT\GitHub\TestEng_BootLoader\TestEng_BootLoader\Boot\BootDrv\src\LTC2620.c
#    Command line =  
#        F:\FLT\GitHub\TestEng_BootLoader\TestEng_BootLoader\Boot\BootDrv\src\LTC2620.c
#        -lcN
#        F:\FLT\GitHub\TestEng_BootLoader\TestEng_BootLoader\Boot\BootPrj\BootOutput\List\
#        -lb
#        F:\FLT\GitHub\TestEng_BootLoader\TestEng_BootLoader\Boot\BootPrj\BootOutput\List\
#        -o
#        F:\FLT\GitHub\TestEng_BootLoader\TestEng_BootLoader\Boot\BootPrj\BootOutput\Obj\
#        --no_cse --no_unroll --no_inline --no_code_motion --no_tbaa
#        --no_clustering --no_scheduling --debug --endian=little
#        --cpu=Cortex-M3 -e --fpu=None --dlib_config "E:\Program Files
#        (x86)\IAR Systems\Embedded Workbench
#        7.0\arm\INC\c\DLib_Config_Normal.h" -I
#        F:\FLT\GitHub\TestEng_BootLoader\TestEng_BootLoader\Boot\BootPrj\..\BootApp\inc\
#        -I
#        F:\FLT\GitHub\TestEng_BootLoader\TestEng_BootLoader\Boot\BootPrj\..\BootDrv\inc\
#        -I
#        F:\FLT\GitHub\TestEng_BootLoader\TestEng_BootLoader\Boot\BootPrj\..\BootOth\inc\
#        -I
#        F:\FLT\GitHub\TestEng_BootLoader\TestEng_BootLoader\Boot\BootPrj\..\..\Libraries\CMSIS\
#        -I
#        F:\FLT\GitHub\TestEng_BootLoader\TestEng_BootLoader\Boot\BootPrj\..\..\Libraries\STM32F10x_StdPeriph_Driver\inc\
#        -I
#        F:\FLT\GitHub\TestEng_BootLoader\TestEng_BootLoader\Boot\BootPrj\..\modbus\ascii\
#        -I
#        F:\FLT\GitHub\TestEng_BootLoader\TestEng_BootLoader\Boot\BootPrj\..\modbus\include\
#        -I
#        F:\FLT\GitHub\TestEng_BootLoader\TestEng_BootLoader\Boot\BootPrj\..\modbus\modbus_port\
#        -I
#        F:\FLT\GitHub\TestEng_BootLoader\TestEng_BootLoader\Boot\BootPrj\..\modbus\rtu\
#        -I
#        F:\FLT\GitHub\TestEng_BootLoader\TestEng_BootLoader\Boot\BootPrj\..\modbus\tcp\
#        -On -I "E:\Program Files (x86)\IAR Systems\Embedded Workbench
#        7.0\arm\CMSIS\Include\"
#    List file    =  
#        F:\FLT\GitHub\TestEng_BootLoader\TestEng_BootLoader\Boot\BootPrj\BootOutput\List\LTC2620.lst
#    Object file  =  
#        F:\FLT\GitHub\TestEng_BootLoader\TestEng_BootLoader\Boot\BootPrj\BootOutput\Obj\LTC2620.o
#
###############################################################################

F:\FLT\GitHub\TestEng_BootLoader\TestEng_BootLoader\Boot\BootDrv\src\LTC2620.c
      1          /**
      2            ******************************************************************************
      3            * @file    LTC2620.c  burn in system
      4            * @author  h&h
      5            * @version 
      6            * @date    2018
      7            * @brief   LTC2620 driver
      8            ******************************************************************************
      9          **/ 
     10          
     11          #include "include.h"
     12          
     13          #define  CMD_WRITE_N               0x00  /*Write to input register n*/
     14          #define  CMD_UPDATE_N              0x10  /*Update (power up) DAC register n*/
     15          #define  CMD_WRITE_N_UPDATE_ALL    0x20  /*Write to input register n, update (power-up) all*/
     16          #define  CMD_WRITE_N_UPDATE_N      0x30  /*Write to input register n, update (power-up) */
     17          #define  CMD_POWER_DOWN_N          0x40  /*Power down n*/
     18          #define  CMD_NO_OPERATION          0xF0  /*No operation*/
     19          
     20          uint16_t ltc2620_au16[LTC2620_CHANNEL8 + 1][2] = {0};
     21          
     22          static uint8_t LTC2620_Spi_command_write(SPI_TypeDef* SPIx, uint16_t * w_data, uint16_t * r_data);
     23          static uint8_t LTC2620_Write_Register(uint8_t reg, uint8_t chan, uint16_t w_data);
     24          
     25          
     26          
     27          void LTC2620_init(void)
     28          {
     29              DRV_SPI_CS_LTC2620(LTC2620_CHIP_NONE);
     30              DRV_SPI_CS_LTC2620(LTC2620_CHIP_ID_1);
     31              LTC2620_Powerdown_all();
     32              DRV_SPI_CS_LTC2620(LTC2620_CHIP_ID_2);
     33              LTC2620_Powerdown_all();
     34              DRV_SPI_CS_LTC2620(LTC2620_CHIP_ID_3);
     35              LTC2620_Powerdown_all();
     36              DRV_SPI_CS_LTC2620(LTC2620_CHIP_ID_4);
     37              LTC2620_Powerdown_all();
     38              DRV_SPI_CS_LTC2620(LTC2620_CHIP_NONE);
     39          }
     40          
     41          
     42          static uint8_t LTC2620_Spi_command_write(SPI_TypeDef* SPIx, uint16_t * w_data, uint16_t * r_data)
     43          {
     44              uint8_t ret = ERROR;
     45              if( ((void *)0 == w_data) || ((void *)0 == r_data) )
     46                  return ERROR;
     47              
     48              ret = drv_spi_access_short(LTC2620_SPI_PORT,*w_data,r_data);
     49              if(SUCCESS == ret )
     50              {
     51                  ret = drv_spi_access_short(LTC2620_SPI_PORT,*(w_data+1),(r_data+1));
     52              }
     53              else
     54              {
     55                  /**/
     56              }
     57              return ret;
     58              
     59          }
     60          
     61          static uint8_t LTC2620_Write_Register(uint8_t reg, uint8_t chan, uint16_t w_data)
     62          {
     63              uint8_t ret;
     64              uint16_t wdata[2];
     65              uint16_t *rdata; 
     66          
     67              if(chan > LTC2620_CHANNEL8)
     68                  return ERROR;
     69              rdata = ltc2620_au16[chan];
     70              
     71              wdata[0] = (reg & 0x00F0) | (chan & 0x000F);
     72              wdata[1] = w_data;
     73          
     74              if((void *)0 == rdata)
     75                  return ERROR;
     76          
     77              ret = LTC2620_Spi_command_write(LTC2620_SPI_PORT, wdata, rdata);
     78              return ret;
     79          }
     80          
     81          
     82          uint8_t LTC2620_Write_n(uint16_t chan, uint16_t w_data)
     83          {
     84              uint8_t ret = ERROR;
     85              if(chan > LTC2620_CHANNEL8)
     86                  return ERROR;
     87          
     88              ret = LTC2620_Write_Register(CMD_WRITE_N, chan, w_data);
     89          
     90              return ret;
     91          }
     92          uint8_t LTC2620_Updata_n(uint16_t chan, uint16_t w_data)
     93          {
     94               uint8_t ret = ERROR;
     95               if(chan > LTC2620_CHANNEL8)
     96                   return ERROR;
     97          
     98               ret = LTC2620_Write_Register(CMD_UPDATE_N, chan, w_data);
     99          
    100               return ret;
    101          }
    102          uint8_t LTC2620_Write_n_Updata_n(uint16_t chan, uint16_t w_data)
    103          {
    104              uint8_t ret = ERROR;
    105              if(chan > LTC2620_CHANNEL8)
    106                  return ERROR;
    107          
    108              ret = LTC2620_Write_Register(CMD_WRITE_N_UPDATE_N, chan, w_data);
    109          
    110              return ret;
    111          }
    112          
    113          uint8_t LTC2620_Powerdown_n(uint16_t chan)
    114          {
    115               uint8_t ret = ERROR;
    116               if(chan > LTC2620_CHANNEL8)
    117                   return ERROR;
    118          
    119               ret = LTC2620_Write_Register(CMD_POWER_DOWN_N, chan, 0xFFFF);
    120          
    121               return ret;
    122          }
    123          
    124          uint8_t LTC2620_Write_all(uint16_t w_data)
    125          {
    126              uint8_t ret = ERROR;
    127              uint16_t i;
    128              for(i=0; i <= LTC2620_CHANNEL8; i++)
    129              {
    130                  ret = LTC2620_Write_n(i, w_data);
    131              }
    132          
    133              return ret;
    134          }
    135          
    136          uint8_t LTC2620_Updata_all(uint16_t w_data)
    137          {
    138              uint8_t ret = ERROR;
    139              uint16_t i;
    140              for(i=0; i <= LTC2620_CHANNEL8; i++)
    141              {
    142                  ret = LTC2620_Updata_n(i, w_data);
    143              }
    144          
    145              return ret;
    146          }
    147          
    148          
    149          
    150          uint8_t LTC2620_Write_all_Updata_all(uint16_t w_data)
    151          {
    152              uint8_t ret = ERROR;
    153              uint16_t i;
    154              for(i=0; i <= LTC2620_CHANNEL8; i++)
    155              {
    156                  ret = LTC2620_Write_n_Updata_n(i, w_data);
    157              }
    158          
    159              return ret;
    160          }
    161          
    162          
    163          uint8_t LTC2620_Powerdown_all(void)
    164          {
    165              uint8_t ret = ERROR;
    166              uint16_t i;
    167              for(i=0; i <= LTC2620_CHANNEL8; i++)
    168              {
    169                  ret = LTC2620_Powerdown_n(i);
    170              }
    171          
    172              return ret;
    173          }
    174          
    175          
    176          
    177          #ifdef DEBUG_LTC2620
    178          
    179          
    180          static uint16_t ltc2620_all= 0x8000;
    181          void test_ltc2620_ini(void)
    182          {
    183              RCC_APB1PeriphClockCmd(RCC_APB1Periph_SPI2, ENABLE);
    184              RCC_APB2PeriphClockCmd(RCC_APB2Periph_GPIOB | RCC_APB2Periph_GPIOA | RCC_APB2Periph_GPIOC, ENABLE);
    185             
    186              GPIO_InitTypeDef GPIO_InitStructure;
    187          #if 1 
    188              GPIO_InitStructure.GPIO_Pin = GPIO_Pin_All;  
    189              GPIO_InitStructure.GPIO_Speed = GPIO_Speed_50MHz;  
    190              GPIO_InitStructure.GPIO_Mode = GPIO_Mode_IN_FLOATING;  
    191              GPIO_Init(GPIOA, &GPIO_InitStructure);
    192              GPIO_InitStructure.GPIO_Pin = GPIO_Pin_All;  
    193              GPIO_InitStructure.GPIO_Speed = GPIO_Speed_50MHz;  
    194              GPIO_InitStructure.GPIO_Mode = GPIO_Mode_IN_FLOATING;  
    195              GPIO_Init(GPIOB, &GPIO_InitStructure);
    196              GPIO_InitStructure.GPIO_Pin = GPIO_Pin_All;  
    197              GPIO_InitStructure.GPIO_Speed = GPIO_Speed_50MHz;  
    198              GPIO_InitStructure.GPIO_Mode = GPIO_Mode_IN_FLOATING;  
    199              GPIO_Init(GPIOC, &GPIO_InitStructure);
    200          #endif
    201          
    202              GPIO_InitStructure.GPIO_Pin = GPIO_Pin_13|GPIO_Pin_14|GPIO_Pin_15;  
    203              GPIO_InitStructure.GPIO_Speed = GPIO_Speed_50MHz;  
    204              GPIO_InitStructure.GPIO_Mode = GPIO_Mode_AF_PP;  
    205              GPIO_Init(GPIOB, &GPIO_InitStructure);  
    206          
    207              GPIO_InitStructure.GPIO_Pin = GPIO_Pin_6| GPIO_Pin_7| GPIO_Pin_8| GPIO_Pin_9; 
    208              GPIO_InitStructure.GPIO_Speed = GPIO_Speed_50MHz;
    209              GPIO_InitStructure.GPIO_Mode = GPIO_Mode_Out_PP;
    210              GPIO_Init(GPIOC,&GPIO_InitStructure);
    211          
    212          
    213              SPI_InitTypeDef   SPI_InitStructure;
    214              SPI_InitStructure.SPI_Direction = SPI_Direction_2Lines_FullDuplex;  
    215              SPI_InitStructure.SPI_Mode = SPI_Mode_Master;  
    216              SPI_InitStructure.SPI_DataSize = SPI_DataSize_16b;  
    217              SPI_InitStructure.SPI_CPOL = SPI_CPOL_Low;  
    218              SPI_InitStructure.SPI_CPHA = SPI_CPHA_1Edge;  
    219              SPI_InitStructure.SPI_NSS = SPI_NSS_Soft;  
    220              SPI_InitStructure.SPI_BaudRatePrescaler = SPI_BaudRatePrescaler_4;  
    221              SPI_InitStructure.SPI_FirstBit = SPI_FirstBit_MSB;  
    222              SPI_InitStructure.SPI_CRCPolynomial = 7;  
    223              SPI_Init(SPI2, &SPI_InitStructure);  
    224              SPI_Cmd(SPI2, ENABLE); 
    225          }
    226          void test_ltc2620(void)
    227          {
    228          #if 0
    229              static uint16_t ltc2620_code[16] = {0x1234, 0x2345, 0x3456,0xaa55,0x7977,0x304,0x887,0x987,0xf300,0x4646,0x6764,0x1235,0x1313,0x2569,0xddef,0xaa98,};
    230              uint8_t i;
    231              for(i=0; i<(LTC2620_CHANNEL8+1); i++)
    232              {
    233                  LTC2620_Write_n_Updata_n(i, ltc2628_code[i]);
    234                  Delay_ms(10);
    235              }
    236              for(i=0; i<(LTC2620_CHANNEL8+1); i++)
    237              {
    238                  LTC2620_Write_n_Updata_n(i, 0);
    239                  Delay_ms(10);
    240              }
    241              for(i=0; i<(LTC2620_CHANNEL8+1); i++)
    242              {
    243                  LTC2620_Write_n_Updata_n(i, ltc2628_code[i]);
    244                  Delay_ms(10);
    245              }
    246              for(i=0; i<(LTC2620_CHANNEL8+1); i++)
    247              {
    248                  LTC2620_Write_n_Updata_n(i, 0);
    249                  Delay_ms(10);
    250              }
    251              for(i=0; i<(LTC2620_CHANNEL8+1); i++)
    252              {
    253                  LTC2620_Powerdown_n(i);
    254                  Delay_ms(10);
    255                  LTC2620_Powerdown_n(i);
    256              }
    257          #endif
    258              uint8_t i;
    259          
    260              DRV_SPI_CS_LTC2620(LTC2620_CHIP_NONE);
    261              DRV_SPI_CS_LTC2620(LTC2620_CHIP_ID_1);
    262              Delay_ms(10);
    263              for(i=0; i<8; i++)
    264              {
    265                  LTC2620_Write_n_Updata_n(i, ltc2620_all);
    266                  Delay_ms(10);
    267              }
    268          
    269              DRV_SPI_CS_LTC2620(LTC2620_CHIP_NONE);
    270              DRV_SPI_CS_LTC2620(LTC2620_CHIP_ID_2);
    271              Delay_ms(10);
    272              for(i=0; i<8; i++)
    273              {
    274                  LTC2620_Write_n_Updata_n(i, ltc2620_all);
    275                  Delay_ms(10);
    276              }
    277              
    278              DRV_SPI_CS_LTC2620(LTC2620_CHIP_NONE);
    279              DRV_SPI_CS_LTC2620(LTC2620_CHIP_ID_3);
    280              Delay_ms(10);
    281              for(i=0; i<8; i++)
    282              {
    283                  LTC2620_Write_n_Updata_n(i, ltc2620_all);
    284                  Delay_ms(10);
    285              }
    286              
    287              DRV_SPI_CS_LTC2620(LTC2620_CHIP_NONE);
    288              DRV_SPI_CS_LTC2620(LTC2620_CHIP_ID_4);
    289              Delay_ms(10);
    290              for(i=0; i<8; i++)
    291              {
    292                  LTC2620_Write_n_Updata_n(i, ltc2620_all);
    293                  Delay_ms(10);
    294              }
    295              
    296              DRV_SPI_CS_LTC2620(LTC2620_CHIP_NONE);
    297              DRV_SPI_CS_LTC2620(LTC2620_CHIP_ID_1);
    298              for(i=0; i<8; i++)
    299              {
    300                  LTC2620_Powerdown_n(i);
    301                  Delay_ms(10);
    302              }
    303          
    304              DRV_SPI_CS_LTC2620(LTC2620_CHIP_NONE);
    305              DRV_SPI_CS_LTC2620(LTC2620_CHIP_ID_2);
    306              Delay_ms(10);
    307              for(i=0; i<8; i++)
    308              {
    309                  LTC2620_Powerdown_n(i);
    310                  Delay_ms(10);
    311              }
    312              
    313              DRV_SPI_CS_LTC2620(LTC2620_CHIP_NONE);
    314              DRV_SPI_CS_LTC2620(LTC2620_CHIP_ID_3);
    315              Delay_ms(10);
    316              for(i=0; i<8; i++)
    317              {
    318                  LTC2620_Powerdown_n(i);
    319                  Delay_ms(10);
    320              }
    321              
    322              DRV_SPI_CS_LTC2620(LTC2620_CHIP_NONE);
    323              DRV_SPI_CS_LTC2620(LTC2620_CHIP_ID_4);
    324              Delay_ms(10);
    325              for(i=0; i<8; i++)
    326              {
    327                  LTC2620_Powerdown_n(i);
    328                  Delay_ms(10);
    329              }
    330          
    331          #if 0
    332              Delay_ms(10);
    333              LTC2620_Write_all_Updata_all(ltc2620_all);
    334              Delay_ms(10);
    335              LTC2620_Powerdown_all();
    336              #endif
    337          }
    338          #endif

Errors: 9
Warnings: 3
