###############################################################################
#
# IAR ANSI C/C++ Compiler V7.20.2.7424/W32 for ARM        09/Jun/2019  18:05:00
# Copyright 1999-2014 IAR Systems AB.
#
#    Cpu mode     =  thumb
#    Endian       =  little
#    Source file  =  
#        F:\FLT\GitHub\TestEng_BootLoader\TestEng_BootLoader\Boot\BootApp\src\main.c
#    Command line =  
#        F:\FLT\GitHub\TestEng_BootLoader\TestEng_BootLoader\Boot\BootApp\src\main.c
#        -lcN
#        F:\FLT\GitHub\TestEng_BootLoader\TestEng_BootLoader\Boot\BootPrj\BootOutput\List\
#        -lb
#        F:\FLT\GitHub\TestEng_BootLoader\TestEng_BootLoader\Boot\BootPrj\BootOutput\List\
#        -o
#        F:\FLT\GitHub\TestEng_BootLoader\TestEng_BootLoader\Boot\BootPrj\BootOutput\Obj\
#        --no_cse --no_unroll --no_inline --no_code_motion --no_tbaa
#        --no_clustering --no_scheduling --debug --endian=little
#        --cpu=Cortex-M3 -e --fpu=None --dlib_config "E:\Program Files
#        (x86)\IAR Systems\Embedded Workbench
#        7.0\arm\INC\c\DLib_Config_Normal.h" -I
#        F:\FLT\GitHub\TestEng_BootLoader\TestEng_BootLoader\Boot\BootPrj\..\BootApp\inc\
#        -I
#        F:\FLT\GitHub\TestEng_BootLoader\TestEng_BootLoader\Boot\BootPrj\..\BootDrv\inc\
#        -I
#        F:\FLT\GitHub\TestEng_BootLoader\TestEng_BootLoader\Boot\BootPrj\..\BootOth\inc\
#        -I
#        F:\FLT\GitHub\TestEng_BootLoader\TestEng_BootLoader\Boot\BootPrj\..\..\Libraries\CMSIS\
#        -I
#        F:\FLT\GitHub\TestEng_BootLoader\TestEng_BootLoader\Boot\BootPrj\..\..\Libraries\STM32F10x_StdPeriph_Driver\inc\
#        -I
#        F:\FLT\GitHub\TestEng_BootLoader\TestEng_BootLoader\Boot\BootPrj\..\modbus\ascii\
#        -I
#        F:\FLT\GitHub\TestEng_BootLoader\TestEng_BootLoader\Boot\BootPrj\..\modbus\include\
#        -I
#        F:\FLT\GitHub\TestEng_BootLoader\TestEng_BootLoader\Boot\BootPrj\..\modbus\modbus_port\
#        -I
#        F:\FLT\GitHub\TestEng_BootLoader\TestEng_BootLoader\Boot\BootPrj\..\modbus\rtu\
#        -I
#        F:\FLT\GitHub\TestEng_BootLoader\TestEng_BootLoader\Boot\BootPrj\..\modbus\tcp\
#        -On -I "E:\Program Files (x86)\IAR Systems\Embedded Workbench
#        7.0\arm\CMSIS\Include\"
#    List file    =  
#        F:\FLT\GitHub\TestEng_BootLoader\TestEng_BootLoader\Boot\BootPrj\BootOutput\List\main.lst
#    Object file  =  
#        F:\FLT\GitHub\TestEng_BootLoader\TestEng_BootLoader\Boot\BootPrj\BootOutput\Obj\main.o
#
###############################################################################

F:\FLT\GitHub\TestEng_BootLoader\TestEng_BootLoader\Boot\BootApp\src\main.c
      1          #include "BootApp_Cfg.h"
      2          #include "BootApp_Cfg_Board.h"
      3          #include "BootApp_Type.h"
      4          #include "BootApp_Priv.h"
      5          #include "BootApp.h"
      6          
      7          #if 0
      8          int main_debug(void)
      9          {
     10              uint16_t i;
     11              for(i=0;i<BOOTAPP_APP_PAGE_SIZE;i++)
     12              {
     13                  BootApp_CommunicationBuffer_en.com_st.pagebuffer_en.buf_au8[i] = i;
     14              }
     15              while(1)
     16              {
     17                  BootApp_StateMachine();
     18              }
     19          
     20              return 0;
     21          
     22          }
     23          #endif


 

 


Errors: none
Warnings: none
