###############################################################################
#
# IAR ELF Linker V7.20.2.7424/W32 for ARM                 09/Jun/2019  21:46:05
# Copyright 2007-2014 IAR Systems AB.
#
#    Output file  =  
#        F:\FLT\GitHub\TestEng_BootLoader\TestEng_BootLoader\Boot\BootPrj\BootOutput\Exe\Project.out
#    Map file     =  
#        F:\FLT\GitHub\TestEng_BootLoader\TestEng_BootLoader\Boot\BootPrj\BootOutput\List\Project.map
#    Command line =  
#        F:\FLT\GitHub\TestEng_BootLoader\TestEng_BootLoader\Boot\BootPrj\BootOutput\Obj\BootApp_Cfg.o
#        F:\FLT\GitHub\TestEng_BootLoader\TestEng_BootLoader\Boot\BootPrj\BootOutput\Obj\BootApp_Cfg_Debug.o
#        F:\FLT\GitHub\TestEng_BootLoader\TestEng_BootLoader\Boot\BootPrj\BootOutput\Obj\BootApp_Cfg_FL0001A00.o
#        F:\FLT\GitHub\TestEng_BootLoader\TestEng_BootLoader\Boot\BootPrj\BootOutput\Obj\BootApp_Cfg_FLT804A00.o
#        F:\FLT\GitHub\TestEng_BootLoader\TestEng_BootLoader\Boot\BootPrj\BootOutput\Obj\BootApp_EreaseApp.o
#        F:\FLT\GitHub\TestEng_BootLoader\TestEng_BootLoader\Boot\BootPrj\BootOutput\Obj\BootApp_ErrHdlr.o
#        F:\FLT\GitHub\TestEng_BootLoader\TestEng_BootLoader\Boot\BootPrj\BootOutput\Obj\BootApp_HandleCmd.o
#        F:\FLT\GitHub\TestEng_BootLoader\TestEng_BootLoader\Boot\BootPrj\BootOutput\Obj\BootApp_Init.o
#        F:\FLT\GitHub\TestEng_BootLoader\TestEng_BootLoader\Boot\BootPrj\BootOutput\Obj\BootApp_IoFunctions.o
#        F:\FLT\GitHub\TestEng_BootLoader\TestEng_BootLoader\Boot\BootPrj\BootOutput\Obj\BootApp_Jump2App.o
#        F:\FLT\GitHub\TestEng_BootLoader\TestEng_BootLoader\Boot\BootPrj\BootOutput\Obj\BootApp_ProgramFlash.o
#        F:\FLT\GitHub\TestEng_BootLoader\TestEng_BootLoader\Boot\BootPrj\BootOutput\Obj\BootApp_ReceiveData.o
#        F:\FLT\GitHub\TestEng_BootLoader\TestEng_BootLoader\Boot\BootPrj\BootOutput\Obj\BootApp_Reset.o
#        F:\FLT\GitHub\TestEng_BootLoader\TestEng_BootLoader\Boot\BootPrj\BootOutput\Obj\BootApp_StateMachine.o
#        F:\FLT\GitHub\TestEng_BootLoader\TestEng_BootLoader\Boot\BootPrj\BootOutput\Obj\BootApp_ValidateApp.o
#        F:\FLT\GitHub\TestEng_BootLoader\TestEng_BootLoader\Boot\BootPrj\BootOutput\Obj\BootDrv_Adapter.o
#        F:\FLT\GitHub\TestEng_BootLoader\TestEng_BootLoader\Boot\BootPrj\BootOutput\Obj\delay.o
#        F:\FLT\GitHub\TestEng_BootLoader\TestEng_BootLoader\Boot\BootPrj\BootOutput\Obj\init.o
#        F:\FLT\GitHub\TestEng_BootLoader\TestEng_BootLoader\Boot\BootPrj\BootOutput\Obj\main.o
#        F:\FLT\GitHub\TestEng_BootLoader\TestEng_BootLoader\Boot\BootPrj\BootOutput\Obj\mb.o
#        F:\FLT\GitHub\TestEng_BootLoader\TestEng_BootLoader\Boot\BootPrj\BootOutput\Obj\mbascii.o
#        F:\FLT\GitHub\TestEng_BootLoader\TestEng_BootLoader\Boot\BootPrj\BootOutput\Obj\mbcrc.o
#        F:\FLT\GitHub\TestEng_BootLoader\TestEng_BootLoader\Boot\BootPrj\BootOutput\Obj\mbfunccoils.o
#        F:\FLT\GitHub\TestEng_BootLoader\TestEng_BootLoader\Boot\BootPrj\BootOutput\Obj\mbfuncdiag.o
#        F:\FLT\GitHub\TestEng_BootLoader\TestEng_BootLoader\Boot\BootPrj\BootOutput\Obj\mbfuncdisc.o
#        F:\FLT\GitHub\TestEng_BootLoader\TestEng_BootLoader\Boot\BootPrj\BootOutput\Obj\mbfuncholding.o
#        F:\FLT\GitHub\TestEng_BootLoader\TestEng_BootLoader\Boot\BootPrj\BootOutput\Obj\mbfuncinput.o
#        F:\FLT\GitHub\TestEng_BootLoader\TestEng_BootLoader\Boot\BootPrj\BootOutput\Obj\mbfuncother.o
#        F:\FLT\GitHub\TestEng_BootLoader\TestEng_BootLoader\Boot\BootPrj\BootOutput\Obj\mbrtu.o
#        F:\FLT\GitHub\TestEng_BootLoader\TestEng_BootLoader\Boot\BootPrj\BootOutput\Obj\mbtcp.o
#        F:\FLT\GitHub\TestEng_BootLoader\TestEng_BootLoader\Boot\BootPrj\BootOutput\Obj\mbutils.o
#        F:\FLT\GitHub\TestEng_BootLoader\TestEng_BootLoader\Boot\BootPrj\BootOutput\Obj\misc.o
#        F:\FLT\GitHub\TestEng_BootLoader\TestEng_BootLoader\Boot\BootPrj\BootOutput\Obj\portCB.o
#        F:\FLT\GitHub\TestEng_BootLoader\TestEng_BootLoader\Boot\BootPrj\BootOutput\Obj\portevent.o
#        F:\FLT\GitHub\TestEng_BootLoader\TestEng_BootLoader\Boot\BootPrj\BootOutput\Obj\portserial.o
#        F:\FLT\GitHub\TestEng_BootLoader\TestEng_BootLoader\Boot\BootPrj\BootOutput\Obj\porttimer.o
#        F:\FLT\GitHub\TestEng_BootLoader\TestEng_BootLoader\Boot\BootPrj\BootOutput\Obj\startup_stm32f10x_md.o
#        F:\FLT\GitHub\TestEng_BootLoader\TestEng_BootLoader\Boot\BootPrj\BootOutput\Obj\stm32f10x_adc.o
#        F:\FLT\GitHub\TestEng_BootLoader\TestEng_BootLoader\Boot\BootPrj\BootOutput\Obj\stm32f10x_bkp.o
#        F:\FLT\GitHub\TestEng_BootLoader\TestEng_BootLoader\Boot\BootPrj\BootOutput\Obj\stm32f10x_can.o
#        F:\FLT\GitHub\TestEng_BootLoader\TestEng_BootLoader\Boot\BootPrj\BootOutput\Obj\stm32f10x_cec.o
#        F:\FLT\GitHub\TestEng_BootLoader\TestEng_BootLoader\Boot\BootPrj\BootOutput\Obj\stm32f10x_crc.o
#        F:\FLT\GitHub\TestEng_BootLoader\TestEng_BootLoader\Boot\BootPrj\BootOutput\Obj\stm32f10x_dac.o
#        F:\FLT\GitHub\TestEng_BootLoader\TestEng_BootLoader\Boot\BootPrj\BootOutput\Obj\stm32f10x_dbgmcu.o
#        F:\FLT\GitHub\TestEng_BootLoader\TestEng_BootLoader\Boot\BootPrj\BootOutput\Obj\stm32f10x_dma.o
#        F:\FLT\GitHub\TestEng_BootLoader\TestEng_BootLoader\Boot\BootPrj\BootOutput\Obj\stm32f10x_exti.o
#        F:\FLT\GitHub\TestEng_BootLoader\TestEng_BootLoader\Boot\BootPrj\BootOutput\Obj\stm32f10x_flash.o
#        F:\FLT\GitHub\TestEng_BootLoader\TestEng_BootLoader\Boot\BootPrj\BootOutput\Obj\stm32f10x_fsmc.o
#        F:\FLT\GitHub\TestEng_BootLoader\TestEng_BootLoader\Boot\BootPrj\BootOutput\Obj\stm32f10x_gpio.o
#        F:\FLT\GitHub\TestEng_BootLoader\TestEng_BootLoader\Boot\BootPrj\BootOutput\Obj\stm32f10x_i2c.o
#        F:\FLT\GitHub\TestEng_BootLoader\TestEng_BootLoader\Boot\BootPrj\BootOutput\Obj\stm32f10x_it.o
#        F:\FLT\GitHub\TestEng_BootLoader\TestEng_BootLoader\Boot\BootPrj\BootOutput\Obj\stm32f10x_iwdg.o
#        F:\FLT\GitHub\TestEng_BootLoader\TestEng_BootLoader\Boot\BootPrj\BootOutput\Obj\stm32f10x_pwr.o
#        F:\FLT\GitHub\TestEng_BootLoader\TestEng_BootLoader\Boot\BootPrj\BootOutput\Obj\stm32f10x_rcc.o
#        F:\FLT\GitHub\TestEng_BootLoader\TestEng_BootLoader\Boot\BootPrj\BootOutput\Obj\stm32f10x_rtc.o
#        F:\FLT\GitHub\TestEng_BootLoader\TestEng_BootLoader\Boot\BootPrj\BootOutput\Obj\stm32f10x_sdio.o
#        F:\FLT\GitHub\TestEng_BootLoader\TestEng_BootLoader\Boot\BootPrj\BootOutput\Obj\stm32f10x_spi.o
#        F:\FLT\GitHub\TestEng_BootLoader\TestEng_BootLoader\Boot\BootPrj\BootOutput\Obj\stm32f10x_tim.o
#        F:\FLT\GitHub\TestEng_BootLoader\TestEng_BootLoader\Boot\BootPrj\BootOutput\Obj\stm32f10x_usart.o
#        F:\FLT\GitHub\TestEng_BootLoader\TestEng_BootLoader\Boot\BootPrj\BootOutput\Obj\stm32f10x_wwdg.o
#        F:\FLT\GitHub\TestEng_BootLoader\TestEng_BootLoader\Boot\BootPrj\BootOutput\Obj\system_stm32f10x.o
#        -o
#        F:\FLT\GitHub\TestEng_BootLoader\TestEng_BootLoader\Boot\BootPrj\BootOutput\Exe\Project.out
#        --map
#        F:\FLT\GitHub\TestEng_BootLoader\TestEng_BootLoader\Boot\BootPrj\BootOutput\List\Project.map
#        --config
#        F:\FLT\GitHub\TestEng_BootLoader\TestEng_BootLoader\Boot\BootPrj\..\..\Libraries\stm32f10x_flash.icf
#        --semihosting --entry __iar_program_start --vfe
#
###############################################################################

*******************************************************************************
*** RUNTIME MODEL ATTRIBUTES
***

CppFlavor       = *
__SystemLibrary = DLib


*******************************************************************************
*** PLACEMENT SUMMARY
***

"A1":  place at 0x08000000 { ro section .intvec };
"P1":  place in [from 0x08000000 to 0x0800bfff] { ro };
"P2":  place in [from 0x20000000 to 0x20004fff] { rw, block CSTACK, block HEAP };

  Section            Kind        Address    Size  Object
  -------            ----        -------    ----  ------
"A1":                                       0xec
  .intvec            ro code  0x08000000    0xec  startup_stm32f10x_md.o [1]
                            - 0x080000ec    0xec

"P1":                                     0x3138
  .text              ro code  0x080000ec   0x3e8  mbascii.o [1]
  .text              ro code  0x080004d4    0xf4  portserial.o [1]
  .text              ro code  0x080005c8   0x10c  porttimer.o [1]
  .text              ro code  0x080006d4    0x44  portevent.o [1]
  .text              ro code  0x08000718   0x1c0  BootApp_Init.o [1]
  .text              ro code  0x080008d8   0x17e  BootApp_IoFunctions.o [1]
  .text              ro code  0x08000a56    0x22  zero_init3.o [4]
  .text              ro code  0x08000a78   0x1dc  stm32f10x_usart.o [1]
  .text              ro code  0x08000c54    0x74  delay.o [1]
  .text              ro code  0x08000cc8   0x134  stm32f10x_rcc.o [1]
  .text              ro code  0x08000dfc   0x150  stm32f10x_tim.o [1]
  .text              ro code  0x08000f4c    0xac  misc.o [1]
  .text              ro code  0x08000ff8   0x2d4  mb.o [1]
  .text              ro code  0x080012cc    0x76  ABImemcpy_unaligned.o [4]
  .text              ro code  0x08001344   0x162  stm32f10x_gpio.o [1]
  .text              ro code  0x080014a8   0x29c  mbrtu.o [1]
  .text              ro code  0x08001744    0x44  mbcrc.o [1]
  .text              ro code  0x08001788   0x3b0  BootApp_ReceiveData.o [1]
  .text              ro code  0x08001b38     0x6  ABImemclr4.o [4]
  .text              ro code  0x08001b40    0x32  ABImemset48.o [4]
  .text              ro code  0x08001b72   0x28a  mbfuncholding.o [1]
  .text              ro code  0x08001dfc   0x178  portCB.o [1]
  .text              ro code  0x08001f74    0x2e  mbutils.o [1]
  .text              ro code  0x08001fa2   0x1e6  mbfunccoils.o [1]
  .text              ro code  0x08002188   0x1e4  BootApp_ProgramFlash.o [1]
  .text              ro code  0x0800236c    0x86  BootDrv_Adapter.o [1]
  .text              ro code  0x080023f4   0x102  stm32f10x_flash.o [1]
  .text              ro code  0x080024f8   0x1c2  BootApp_StateMachine.o [1]
  .text              ro code  0x080026bc    0x44  BootApp_HandleCmd.o [1]
  .text              ro code  0x08002700     0x2  BootApp_ErrHdlr.o [1]
  .text              ro code  0x08002704    0x50  BootApp_EreaseApp.o [1]
  .text              ro code  0x08002754    0x3c  BootApp_Reset.o [1]
  .text              ro code  0x08002790   0x108  BootApp_ValidateApp.o [1]
  .text              ro code  0x08002898     0xc  BootApp_Jump2App.o [1]
  .text              ro code  0x080028a4   0x158  system_stm32f10x.o [1]
  .rodata            const    0x080029fc   0x100  mbcrc.o [1]
  .rodata            const    0x08002afc   0x100  mbcrc.o [1]
  .text              ro code  0x08002bfc    0xd2  packbits_init.o [4]
  .text              ro code  0x08002cce     0x6  abort.o [3]
  .text              ro code  0x08002cd4    0x14  exit.o [5]
  .text              ro code  0x08002ce8    0xbe  mbfuncdisc.o [1]
  .text              ro code  0x08002da6    0xa2  mbfuncinput.o [1]
  .rodata            const    0x08002e48    0x90  BootApp_Cfg_FL0001A00.o [1]
  .text              ro code  0x08002ed8    0x80  init.o [1]
  .text              ro code  0x08002f58    0x34  mbfuncother.o [1]
  .text              ro code  0x08002f8c    0x2a  stm32f10x_it.o [1]
  .text              ro code  0x08002fb8    0x28  main.o [1]
  .text              ro code  0x08002fe0    0x28  data_init.o [4]
  .rodata            const    0x08003008    0x24  BootApp_ReceiveData.o [1]
  .iar.init_table    const    0x0800302c    0x2c  - Linker created -
  .text              ro code  0x08003058    0x1a  cmain.o [4]
  .text              ro code  0x08003072     0x4  low_level_init.o [3]
  .text              ro code  0x08003076     0x4  exit.o [3]
  .text              ro code  0x0800307c     0xa  cexit.o [4]
  .rodata            const    0x08003088    0x14  BootApp_Cfg_FL0001A00.o [1]
  .rodata            const    0x0800309c    0x10  BootApp_Cfg.o [1]
  .text              ro code  0x080030ac    0x10  startup_stm32f10x_md.o [1]
  .text              ro code  0x080030bc     0xc  cstartup_M.o [4]
  .rodata            const    0x080030c8     0x8  BootApp_Cfg.o [1]
  .rodata            const    0x080030d0     0x8  BootApp_Cfg.o [1]
  .rodata            const    0x080030d8     0x4  BootApp_Cfg.o [1]
  .text              ro code  0x080030dc     0x4  startup_stm32f10x_md.o [1]
  .text              ro code  0x080030e0     0x4  startup_stm32f10x_md.o [1]
  .text              ro code  0x080030e4     0x4  startup_stm32f10x_md.o [1]
  .text              ro code  0x080030e8     0x4  startup_stm32f10x_md.o [1]
  .text              ro code  0x080030ec     0x4  startup_stm32f10x_md.o [1]
  .text              ro code  0x080030f0     0x4  startup_stm32f10x_md.o [1]
  .text              ro code  0x080030f4     0x4  startup_stm32f10x_md.o [1]
  .text              ro code  0x080030f8     0x4  startup_stm32f10x_md.o [1]
  .text              ro code  0x080030fc     0x4  startup_stm32f10x_md.o [1]
  .text              ro code  0x08003100     0x4  startup_stm32f10x_md.o [1]
  .text              ro code  0x08003104     0x4  startup_stm32f10x_md.o [1]
  .text              ro code  0x08003108     0x4  startup_stm32f10x_md.o [1]
  .text              ro code  0x0800310c     0x4  startup_stm32f10x_md.o [1]
  .text              ro code  0x08003110     0x4  startup_stm32f10x_md.o [1]
  .text              ro code  0x08003114     0x4  startup_stm32f10x_md.o [1]
  .text              ro code  0x08003118     0x4  startup_stm32f10x_md.o [1]
  .text              ro code  0x0800311c     0x4  startup_stm32f10x_md.o [1]
  .text              ro code  0x08003120     0x4  startup_stm32f10x_md.o [1]
  .text              ro code  0x08003124     0x4  startup_stm32f10x_md.o [1]
  .text              ro code  0x08003128     0x4  startup_stm32f10x_md.o [1]
  .text              ro code  0x0800312c     0x4  startup_stm32f10x_md.o [1]
  .text              ro code  0x08003130     0x4  startup_stm32f10x_md.o [1]
  .text              ro code  0x08003134     0x4  startup_stm32f10x_md.o [1]
  .text              ro code  0x08003138     0x4  startup_stm32f10x_md.o [1]
  .text              ro code  0x0800313c     0x4  startup_stm32f10x_md.o [1]
  .text              ro code  0x08003140     0x4  startup_stm32f10x_md.o [1]
  .text              ro code  0x08003144     0x4  startup_stm32f10x_md.o [1]
  .text              ro code  0x08003148     0x4  startup_stm32f10x_md.o [1]
  .text              ro code  0x0800314c     0x4  startup_stm32f10x_md.o [1]
  .text              ro code  0x08003150     0x4  startup_stm32f10x_md.o [1]
  .text              ro code  0x08003154     0x4  startup_stm32f10x_md.o [1]
  .text              ro code  0x08003158     0x4  startup_stm32f10x_md.o [1]
  .text              ro code  0x0800315c     0x4  startup_stm32f10x_md.o [1]
  .text              ro code  0x08003160     0x4  startup_stm32f10x_md.o [1]
  .text              ro code  0x08003164     0x4  startup_stm32f10x_md.o [1]
  .text              ro code  0x08003168     0x4  startup_stm32f10x_md.o [1]
  .text              ro code  0x0800316c     0x4  startup_stm32f10x_md.o [1]
  .text              ro code  0x08003170     0x4  startup_stm32f10x_md.o [1]
  .text              ro code  0x08003174     0x4  startup_stm32f10x_md.o [1]
  .text              ro code  0x08003178     0x4  startup_stm32f10x_md.o [1]
  .text              ro code  0x0800317c     0x4  startup_stm32f10x_md.o [1]
  .text              ro code  0x08003180     0x4  startup_stm32f10x_md.o [1]
  .text              ro code  0x08003184     0x4  startup_stm32f10x_md.o [1]
  .text              ro code  0x08003188     0x4  startup_stm32f10x_md.o [1]
  .text              ro code  0x0800318c     0x4  startup_stm32f10x_md.o [1]
  .text              ro code  0x08003190     0x4  startup_stm32f10x_md.o [1]
  .text              ro code  0x08003194     0x4  startup_stm32f10x_md.o [1]
  .text              ro code  0x08003198     0x4  startup_stm32f10x_md.o [1]
  .text              ro code  0x0800319c     0x4  startup_stm32f10x_md.o [1]
  .text              ro code  0x080031a0     0x4  startup_stm32f10x_md.o [1]
  .text              ro code  0x080031a4     0x4  startup_stm32f10x_md.o [1]
  .text              ro code  0x080031a8     0x4  startup_stm32f10x_md.o [1]
  .rodata            const    0x080031ac     0x0  zero_init3.o [4]
  .rodata            const    0x080031ac     0x0  packbits_init.o [4]
  Initializer bytes  ro data  0x080031ac    0x78  <for P2 s0>
                            - 0x08003224  0x3138

"P2":                                     0x1808
  P2 s0                       0x20000000   0x19f  <Init block>
    .data            inited   0x20000000   0x100  portCB.o [1]
    .data            inited   0x20000100    0x80  mb.o [1]
    .data            inited   0x20000180    0x10  stm32f10x_rcc.o [1]
    .data            inited   0x20000190     0x4  mbascii.o [1]
    .data            inited   0x20000194     0x4  stm32f10x_rcc.o [1]
    .data            inited   0x20000198     0x4  system_stm32f10x.o [1]
    .data            inited   0x2000019c     0x2  BootApp_ValidateApp.o [1]
    .data            inited   0x2000019e     0x1  mb.o [1]
  .bss               zero     0x200001a0   0x400  BootApp_ReceiveData.o [1]
  .bss               zero     0x200005a0   0x3c0  BootApp_ProgramFlash.o [1]
  .bss               zero     0x20000960   0x200  BootApp_HandleCmd.o [1]
  .bss               zero     0x20000b60   0x200  portCB.o [1]
  .bss               zero     0x20000d60   0x100  BootApp_HandleCmd.o [1]
  .bss               zero     0x20000e60   0x100  mbrtu.o [1]
  .bss               zero     0x20000f60    0x20  mbfuncother.o [1]
  .bss               zero     0x20000f80    0x1c  portserial.o [1]
  .bss               zero     0x20000f9c    0x18  BootApp_ReceiveData.o [1]
  .bss               zero     0x20000fb4     0x4  BootApp_ReceiveData.o [1]
  .bss               zero     0x20000fb8     0x4  mb.o [1]
  .bss               zero     0x20000fbc     0x4  mb.o [1]
  .bss               zero     0x20000fc0     0x4  mb.o [1]
  .bss               zero     0x20000fc4     0x4  mb.o [1]
  .bss               zero     0x20000fc8     0x4  mb.o [1]
  .bss               zero     0x20000fcc     0x4  mb.o [1]
  .bss               zero     0x20000fd0     0x4  mb.o [1]
  .bss               zero     0x20000fd4     0x4  mb.o [1]
  .bss               zero     0x20000fd8     0x4  mb.o [1]
  .bss               zero     0x20000fdc     0x4  mbascii.o [1]
  .bss               zero     0x20000fe0     0x4  mbrtu.o [1]
  .bss               zero     0x20000fe4     0x2  delay.o [1]
  .bss               zero     0x20000fe6     0x2  mb.o [1]
  .bss               zero     0x20000fe8     0x2  mbascii.o [1]
  .bss               zero     0x20000fea     0x2  mbascii.o [1]
  .bss               zero     0x20000fec     0x2  mbfuncother.o [1]
  .bss               zero     0x20000fee     0x2  mbrtu.o [1]
  .bss               zero     0x20000ff0     0x2  mbrtu.o [1]
  .bss               zero     0x20000ff2     0x1  BootApp_Init.o [1]
  .bss               zero     0x20000ff3     0x1  BootApp_Init.o [1]
  .bss               zero     0x20000ff4     0x1  BootApp_Reset.o [1]
  .bss               zero     0x20000ff5     0x1  BootApp_StateMachine.o [1]
  .bss               zero     0x20000ff6     0x1  delay.o [1]
  .bss               zero     0x20000ff7     0x1  mb.o [1]
  .bss               zero     0x20000ff8     0x1  mb.o [1]
  .bss               zero     0x20000ff9     0x1  mb.o [1]
  .bss               zero     0x20000ffa     0x1  mb.o [1]
  .bss               zero     0x20000ffb     0x1  mb.o [1]
  .bss               zero     0x20000ffc     0x1  mbascii.o [1]
  .bss               zero     0x20000ffd     0x1  mbascii.o [1]
  .bss               zero     0x20000ffe     0x1  mbascii.o [1]
  .bss               zero     0x20000fff     0x1  mbascii.o [1]
  .bss               zero     0x20001000     0x1  mbrtu.o [1]
  .bss               zero     0x20001001     0x1  mbrtu.o [1]
  .bss               zero     0x20001002     0x1  portevent.o [1]
  .bss               zero     0x20001003     0x1  portevent.o [1]
  CSTACK                      0x20001008   0x800  <Block>
    CSTACK           uninit   0x20001008   0x800  <Block tail>
                            - 0x20001808  0x1808


*******************************************************************************
*** INIT TABLE
***

          Address     Size
          -------     ----
Zero (__iar_zero_init3)
    1 destination range, total size 0xe64:
          0x200001a0  0xe64

Copy/packbits (__iar_packbits_init3)
    1 source range, total size 0x78 (28% of destination):
          0x080031ac   0x78
    1 destination range, total size 0x19f:
          0x20000000  0x19f



*******************************************************************************
*** MODULE SUMMARY
***

    Module                   ro code  ro data  rw data
    ------                   -------  -------  -------
F:\FLT\GitHub\TestEng_BootLoader\TestEng_BootLoader\Boot\BootPrj\BootOutput\Obj: [1]
    BootApp_Cfg.o                          36
    BootApp_Cfg_FL0001A00.o               164
    BootApp_EreaseApp.o           80
    BootApp_ErrHdlr.o              2
    BootApp_HandleCmd.o           68               768
    BootApp_Init.o               448                 2
    BootApp_IoFunctions.o        382
    BootApp_Jump2App.o            12
    BootApp_ProgramFlash.o       484               960
    BootApp_ReceiveData.o        944       36    1 052
    BootApp_Reset.o               60                 1
    BootApp_StateMachine.o       450                 1
    BootApp_ValidateApp.o        264                 2
    BootDrv_Adapter.o            134
    delay.o                      116                 3
    init.o                       128
    main.o                        40
    mb.o                         724       38      172
    mbascii.o                  1 000        1       16
    mbcrc.o                       68      512
    mbfunccoils.o                486
    mbfuncdisc.o                 190
    mbfuncholding.o              650
    mbfuncinput.o                162
    mbfuncother.o                 52                34
    mbrtu.o                      668               266
    mbutils.o                     46
    misc.o                       172
    portCB.o                     376       74      768
    portevent.o                   68                 2
    portserial.o                 244                28
    porttimer.o                  268
    startup_stm32f10x_md.o       460
    stm32f10x_flash.o            258
    stm32f10x_gpio.o             354
    stm32f10x_it.o                42
    stm32f10x_rcc.o              308        5       20
    stm32f10x_tim.o              336
    stm32f10x_usart.o            476
    system_stm32f10x.o           344        2        4
    --------------------------------------------------
    Total:                    11 364      868    4 099

command line: [2]
    --------------------------------------------------
    Total:

dl7M_tln.a: [3]
    abort.o                        6
    exit.o                         4
    low_level_init.o               4
    --------------------------------------------------
    Total:                        14

rt7M_tl.a: [4]
    ABImemclr4.o                   6
    ABImemcpy_unaligned.o        118
    ABImemset48.o                 50
    cexit.o                       10
    cmain.o                       26
    cstartup_M.o                  12
    data_init.o                   40
    packbits_init.o              210
    zero_init3.o                  34
    --------------------------------------------------
    Total:                       506

shb_l.a: [5]
    exit.o                        20
    --------------------------------------------------
    Total:                        20

    Gaps                          18        2        1
    Linker created                         44    2 048
------------------------------------------------------
    Grand Total:              11 922      914    6 148


*******************************************************************************
*** ENTRY LIST
***

Entry                      Address   Size  Type      Object
-----                      -------   ----  ----      ------
?main                   0x08003059         Code  Gb  cmain.o [4]
ADCPrescTable           0x20000194    0x4  Data  Lc  stm32f10x_rcc.o [1]
APBAHBPrescTable        0x20000180   0x10  Data  Lc  stm32f10x_rcc.o [1]
BootApp_App_Cfg_cpcst   0x080030d8    0x4  Data  Gb  BootApp_Cfg.o [1]
BootApp_App_Cfg_cst     0x0800309c   0x10  Data  Gb  BootApp_Cfg.o [1]
BootApp_App_GpioPin_cast
                        0x08002e48   0x90  Data  Gb  BootApp_Cfg_FL0001A00.o [1]
BootApp_App_Valid_en    0x2000019c    0x2  Data  Gb  BootApp_ValidateApp.o [1]
BootApp_CommunicationBuffer_un
                        0x20000960  0x200  Data  Gb  BootApp_HandleCmd.o [1]
BootApp_CopyFromMb      0x080026d5   0x10  Code  Lc  BootApp_HandleCmd.o [1]
BootApp_Disable_usart_rx
                        0x08000a1f    0xe  Code  Gb  BootApp_IoFunctions.o [1]
BootApp_Disable_usart_tx
                        0x08000a3b    0xe  Code  Gb  BootApp_IoFunctions.o [1]
BootApp_Enable_ReceiveData
                        0x08001b15    0x8  Code  Gb  BootApp_ReceiveData.o [1]
BootApp_Enable_usart_rx
                        0x08000a2d    0xe  Code  Gb  BootApp_IoFunctions.o [1]
BootApp_Enable_usart_tx
                        0x08000a49    0xe  Code  Gb  BootApp_IoFunctions.o [1]
BootApp_Erease_App      0x08002705   0x50  Code  Gb  BootApp_EreaseApp.o [1]
BootApp_GetApp_init_en  0x20000ff2    0x1  Data  Lc  BootApp_Init.o [1]
BootApp_GetReset_Reason
                        0x08002755   0x26  Code  Gb  BootApp_Reset.o [1]
BootApp_Get_Cfg_Gpio    0x08000767   0x2a  Code  Gb  BootApp_Init.o [1]
BootApp_Get_Cfg_Uart    0x08000791   0x2a  Code  Gb  BootApp_Init.o [1]
BootApp_Get_Command     0x080017ad   0x14  Code  Gb  BootApp_ReceiveData.o [1]
BootApp_Get_CommunicationBuf
                        0x080026f3    0x6  Code  Gb  BootApp_HandleCmd.o [1]
BootApp_Get_ReceiveData_Info
                        0x08001b0f    0x6  Code  Gb  BootApp_ReceiveData.o [1]
BootApp_Get_State       0x080024ff    0x6  Code  Gb  BootApp_StateMachine.o [1]
BootApp_Get_Uart        0x0800088d   0x4c  Code  Gb  BootApp_Init.o [1]
BootApp_Get_board_address
                        0x08000999   0x86  Code  Gb  BootApp_IoFunctions.o [1]
BootApp_Gpio_Init       0x080007c9   0x60  Code  Lc  BootApp_Init.o [1]
BootApp_Gpio_cst        0x080030c8    0x8  Data  Gb  BootApp_Cfg.o [1]
BootApp_HandleCmd_Receive
                        0x080026bd    0xc  Code  Gb  BootApp_HandleCmd.o [1]
BootApp_HandleCmd_Send  0x080026c9    0xc  Code  Gb  BootApp_HandleCmd.o [1]
BootApp_IoFunction      0x080008d9   0xc0  Code  Lc  BootApp_IoFunctions.o [1]
BootApp_Log_Exe_Status  0x08002701    0x2  Code  Gb  BootApp_ErrHdlr.o [1]
BootApp_NewCmd_Received
                        0x08001789   0x24  Code  Gb  BootApp_ReceiveData.o [1]
BootApp_Prog_init       0x08000719   0x4e  Code  Gb  BootApp_Init.o [1]
BootApp_Program_Flash   0x08002189  0x1a6  Code  Gb  BootApp_ProgramFlash.o [1]
BootApp_Program_Flash_Finish
                        0x0800232f   0x34  Code  Gb  BootApp_ProgramFlash.o [1]
BootApp_ReceiveData_st  0x20000f9c   0x18  Data  Gb  BootApp_ReceiveData.o [1]
BootApp_Receive_Data    0x08001813  0x2f4  Code  Gb  BootApp_ReceiveData.o [1]
BootApp_Receive_Data_Finish
                        0x08001b07    0x8  Code  Gb  BootApp_ReceiveData.o [1]
BootApp_Reset_Sys       0x08002781   0x10  Code  Gb  BootApp_Reset.o [1]
BootApp_Reset_en        0x20000ff4    0x1  Data  Gb  BootApp_Reset.o [1]
BootApp_Run_App         0x08002899    0xc  Code  Gb  BootApp_Jump2App.o [1]
BootApp_SectBuffer_Write
                        0x080017c1   0x52  Code  Gb  BootApp_ReceiveData.o [1]
BootApp_SectBuffer_en   0x200001a0  0x400  Data  Gb  BootApp_ReceiveData.o [1]
BootApp_Sect_Dirty_Msk_au16
                        0x08003008   0x24  Data  Gb  BootApp_ReceiveData.o [1]
BootApp_SendToMb        0x080026e5    0xe  Code  Lc  BootApp_HandleCmd.o [1]
BootApp_Set_State       0x080024f9    0x6  Code  Gb  BootApp_StateMachine.o [1]
BootApp_StateMachine    0x08002509  0x176  Code  Gb  BootApp_StateMachine.o [1]
BootApp_State_Init_Act  0x0800267f   0x3c  Code  Gb  BootApp_StateMachine.o [1]
BootApp_State_en        0x20000ff5    0x1  Data  Gb  BootApp_StateMachine.o [1]
BootApp_UartPort_cast   0x08003088   0x14  Data  Gb  BootApp_Cfg_FL0001A00.o [1]
BootApp_Uart_Init       0x08000829   0x64  Code  Lc  BootApp_Init.o [1]
BootApp_Uart_cst        0x080030d0    0x8  Data  Gb  BootApp_Cfg.o [1]
BootApp_Validate_App    0x08002791   0x3e  Code  Gb  BootApp_ValidateApp.o [1]
BootApp_Validate_Info   0x080027cf   0xb0  Code  Lc  BootApp_ValidateApp.o [1]
BootApp_WriteData_ast   0x200005a0  0x3c0  Data  Gb  BootApp_ProgramFlash.o [1]
BootDrv_EreaseFlash     0x08002395   0x46  Code  Gb  BootDrv_Adapter.o [1]
BootDrv_ProgramFlash    0x080023ed    0x6  Code  Gb  BootDrv_Adapter.o [1]
BootDrv_Reset           0x08002387    0xe  Code  Gb  BootDrv_Adapter.o [1]
BusFault_Handler        0x08002fa5    0x2  Code  Gb  stm32f10x_it.o [1]
CSTACK$$Base            0x20001008          --   Gb  - Linker created -
CSTACK$$Limit           0x20001808          --   Gb  - Linker created -
DebugMon_Handler        0x08002fab    0x2  Code  Gb  stm32f10x_it.o [1]
Delay_Init              0x08000c55   0x28  Code  Gb  delay.o [1]
Delay_ms                0x08000c7d   0x36  Code  Gb  delay.o [1]
EXTI9_5_IRQHandler      0x08002f8f    0x2  Code  Gb  stm32f10x_it.o [1]
FLASH_ErasePage         0x0800241d   0x5e  Code  Gb  stm32f10x_flash.o [1]
FLASH_GetBank1Status    0x0800247b   0x34  Code  Gb  stm32f10x_flash.o [1]
FLASH_Lock              0x0800240b   0x12  Code  Gb  stm32f10x_flash.o [1]
FLASH_Unlock            0x080023f5   0x16  Code  Gb  stm32f10x_flash.o [1]
FLASH_WaitForLastOperation
                        0x080024c9   0x2e  Code  Gb  stm32f10x_flash.o [1]
GPIO_Init               0x08001345  0x136  Code  Gb  stm32f10x_gpio.o [1]
GPIO_ReadInputDataBit   0x0800147b   0x1a  Code  Gb  stm32f10x_gpio.o [1]
GPIO_WriteBit           0x08001495   0x12  Code  Gb  stm32f10x_gpio.o [1]
HardFault_Handler       0x08002fa1    0x2  Code  Gb  stm32f10x_it.o [1]
I2C1_ER_IRQHandler      0x08002fb3    0x2  Code  Gb  stm32f10x_it.o [1]
InStream_Read           0x08002bfd   0x22  Code  Lc  packbits_init.o [4]
MB_USART_PORT           0x20000f80   0x1c  Data  Gb  portserial.o [1]
MemManage_Handler       0x08002fa3    0x2  Code  Gb  stm32f10x_it.o [1]
NMI_Handler             0x08002f9f    0x2  Code  Gb  stm32f10x_it.o [1]
NVIC_Configuration      0x08002f0b   0x48  Code  Gb  init.o [1]
NVIC_Init               0x08000f57   0x68  Code  Gb  misc.o [1]
NVIC_PriorityGroupConfig
                        0x08000f4d    0xa  Code  Gb  misc.o [1]
NVIC_SystemReset        0x0800236d   0x1a  Code  Lc  BootDrv_Adapter.o [1]
PendSV_Handler          0x08002fad    0x2  Code  Gb  stm32f10x_it.o [1]
RCC_APB1PeriphClockCmd  0x08000dc3   0x1e  Code  Gb  stm32f10x_rcc.o [1]
RCC_APB2PeriphClockCmd  0x08000da5   0x1e  Code  Gb  stm32f10x_rcc.o [1]
RCC_Configuration       0x08002ee5   0x26  Code  Gb  init.o [1]
RCC_GetClocksFreq       0x08000cc9   0xdc  Code  Gb  stm32f10x_rcc.o [1]
RTCAlarm_IRQHandler     0x08002fb5    0x2  Code  Gb  stm32f10x_it.o [1]
RTC_IRQHandler          0x08002faf    0x2  Code  Gb  stm32f10x_it.o [1]
Region$$Table$$Base     0x0800302c          --   Gb  - Linker created -
Region$$Table$$Limit    0x08003058          --   Gb  - Linker created -
SPI2_IRQHandler         0x08002fb1    0x2  Code  Gb  stm32f10x_it.o [1]
SVC_Handler             0x08002fa9    0x2  Code  Gb  stm32f10x_it.o [1]
SetSysClock             0x080028f9    0x8  Code  Lc  system_stm32f10x.o [1]
SetSysClockTo72         0x08002901   0xe0  Code  Lc  system_stm32f10x.o [1]
StatusBuffer_un         0x20000d60  0x100  Data  Gb  BootApp_HandleCmd.o [1]
SysTick_CLKSourceConfig
                        0x08000fbf   0x20  Code  Gb  misc.o [1]
SystemCoreClock         0x20000198    0x4  Data  Gb  system_stm32f10x.o [1]
SystemInit              0x080028a5   0x54  Code  Gb  system_stm32f10x.o [1]
TIM2_IRQHandler         0x08002f91    0xe  Code  Gb  stm32f10x_it.o [1]
TIM4_IRQHandler         0x080006ab   0x1c  Code  Gb  porttimer.o [1]
TIM_ARRPreloadConfig    0x08000ec3   0x1c  Code  Gb  stm32f10x_tim.o [1]
TIM_ClearFlag           0x08000ee3    0x8  Code  Gb  stm32f10x_tim.o [1]
TIM_ClearITPendingBit   0x08000f1d    0x8  Code  Gb  stm32f10x_tim.o [1]
TIM_Cmd                 0x08000e91   0x1c  Code  Gb  stm32f10x_tim.o [1]
TIM_GetITStatus         0x08000eeb   0x32  Code  Gb  stm32f10x_tim.o [1]
TIM_ITConfig            0x08000ead   0x16  Code  Gb  stm32f10x_tim.o [1]
TIM_SetCounter          0x08000edf    0x4  Code  Gb  stm32f10x_tim.o [1]
TIM_TimeBaseInit        0x08000dfd   0x94  Code  Gb  stm32f10x_tim.o [1]
USART1_IRQHandler       0x0800057f   0x3c  Code  Gb  portserial.o [1]
USART2_IRQHandler       0x08002f8d    0x2  Code  Gb  stm32f10x_it.o [1]
USART_ClearITPendingBit
                        0x08000c31   0x24  Code  Gb  stm32f10x_usart.o [1]
USART_GetITStatus       0x08000bc3   0x6e  Code  Gb  stm32f10x_usart.o [1]
USART_ITConfig          0x08000b5d   0x56  Code  Gb  stm32f10x_usart.o [1]
USART_Init              0x08000a79   0xde  Code  Gb  stm32f10x_usart.o [1]
USART_ReceiveData       0x08000bbb    0x8  Code  Gb  stm32f10x_usart.o [1]
USART_SendData          0x08000bb3    0x8  Code  Gb  stm32f10x_usart.o [1]
UsageFault_Handler      0x08002fa7    0x2  Code  Gb  stm32f10x_it.o [1]
__aeabi_memclr4         0x08001b39         Code  Gb  ABImemclr4.o [4]
__as_entries_start      0xffffffff          --   Gb  command line/config [2]
__as_table_start        0xffffffff          --   Gb  command line/config [2]
__cmain                 0x08003059         Code  Gb  cmain.o [4]
__exit                  0x08002cd5   0x14  Code  Gb  exit.o [5]
__iar_Memset4_word      0x08001b41         Code  Gb  ABImemset48.o [4]
__iar_Memset8_word      0x08001b41         Code  Gb  ABImemset48.o [4]
__iar_data_init3        0x08002fe1   0x28  Code  Gb  data_init.o [4]
__iar_packbits_init3    0x08002c1f   0xb0  Code  Gb  packbits_init.o [4]
__iar_program_start     0x080030bd         Code  Gb  cstartup_M.o [4]
__iar_unaligned___aeabi_memcpy
                        0x080012cd         Code  Gb  ABImemcpy_unaligned.o [4]
__iar_unaligned___aeabi_memcpy4
                        0x080012ed         Code  Gb  ABImemcpy_unaligned.o [4]
__iar_unaligned___aeabi_memcpy8
                        0x080012ed         Code  Gb  ABImemcpy_unaligned.o [4]
__iar_zero_init3        0x08000a57   0x22  Code  Gb  zero_init3.o [4]
__low_level_init        0x08003073    0x4  Code  Gb  low_level_init.o [3]
__vector_table          0x08000000         Data  Gb  startup_stm32f10x_md.o [1]
_call_main              0x08003065         Code  Gb  cmain.o [4]
_exit                   0x0800307d         Code  Gb  cexit.o [4]
_main                   0x0800306f         Code  Gb  cmain.o [4]
abort                   0x08002ccf    0x6  Code  Gb  abort.o [3]
aucCRCHi                0x080029fc  0x100  Data  Lc  mbcrc.o [1]
aucCRCLo                0x08002afc  0x100  Data  Lc  mbcrc.o [1]
eBytePos                0x20000ffe    0x1  Data  Lc  mbascii.o [1]
eMBASCIIInit            0x080000ed   0x4e  Code  Gb  mbascii.o [1]
eMBASCIIReceive         0x0800016b   0x4a  Code  Gb  mbascii.o [1]
eMBASCIISend            0x080001b5   0x72  Code  Gb  mbascii.o [1]
eMBASCIIStart           0x0800013b   0x1c  Code  Gb  mbascii.o [1]
eMBASCIIStop            0x08000157   0x14  Code  Gb  mbascii.o [1]
eMBCurrentMode          0x20000ff8    0x1  Data  Lc  mb.o [1]
eMBEnable               0x0800110d   0x24  Code  Gb  mb.o [1]
eMBFuncReadCoils        0x08001fa3   0xc0  Code  Gb  mbfunccoils.o [1]
eMBFuncReadDiscreteInputs
                        0x08002ce9   0xbe  Code  Gb  mbfuncdisc.o [1]
eMBFuncReadHoldingRegister
                        0x08001c47   0xa4  Code  Gb  mbfuncholding.o [1]
eMBFuncReadInputRegister
                        0x08002da7   0xa2  Code  Gb  mbfuncinput.o [1]
eMBFuncReadWriteMultipleHoldingRegister
                        0x08001ceb  0x112  Code  Gb  mbfuncholding.o [1]
eMBFuncReportSlaveID    0x08002f59   0x2a  Code  Gb  mbfuncother.o [1]
eMBFuncWriteCoil        0x08002063   0x82  Code  Gb  mbfunccoils.o [1]
eMBFuncWriteHoldingRegister
                        0x08001b73   0x4e  Code  Gb  mbfuncholding.o [1]
eMBFuncWriteMultipleCoils
                        0x080020e5   0xa4  Code  Gb  mbfunccoils.o [1]
eMBFuncWriteMultipleHoldingRegister
                        0x08001bc1   0x86  Code  Gb  mbfuncholding.o [1]
eMBInit                 0x08000ff9  0x114  Code  Gb  mb.o [1]
eMBPoll                 0x08001131  0x11e  Code  Gb  mb.o [1]
eMBRTUInit              0x080014a9   0x5c  Code  Gb  mbrtu.o [1]
eMBRTUReceive           0x08001533   0x4e  Code  Gb  mbrtu.o [1]
eMBRTUSend              0x08001581   0x88  Code  Gb  mbrtu.o [1]
eMBRTUStart             0x08001505   0x1a  Code  Gb  mbrtu.o [1]
eMBRTUStop              0x0800151f   0x14  Code  Gb  mbrtu.o [1]
eMBRegCoilsCB           0x08001ed1    0xa  Code  Gb  portCB.o [1]
eMBRegDiscreteCB        0x08001edb    0x6  Code  Gb  portCB.o [1]
eMBRegHoldingCB         0x08001dfd   0x84  Code  Gb  portCB.o [1]
eMBRegInputCB           0x08001e81   0x50  Code  Gb  portCB.o [1]
eMBState                0x2000019e    0x1  Data  Lc  mb.o [1]
eQueuedEvent            0x20001002    0x1  Data  Lc  portevent.o [1]
eRcvState               0x20000ffd    0x1  Data  Lc  mbascii.o [1]
eRcvState               0x20001001    0x1  Data  Lc  mbrtu.o [1]
eReadMBRegHolding       0x08001f25   0x46  Code  Gb  portCB.o [1]
eSndState               0x20000ffc    0x1  Data  Lc  mbascii.o [1]
eSndState               0x20001000    0x1  Data  Lc  mbrtu.o [1]
eWriteMBRegInput        0x08001ee1   0x44  Code  Gb  portCB.o [1]
exit                    0x08003077    0x4  Code  Gb  exit.o [3]
fac_ms                  0x20000fe4    0x2  Data  Lc  delay.o [1]
fac_us                  0x20000ff6    0x1  Data  Lc  delay.o [1]
init                    0x08002ed9    0xc  Code  Gb  init.o [1]
main                    0x08002fb9   0x28  Code  Gb  main.o [1]
peMBFrameReceiveCur     0x20000fc4    0x4  Data  Lc  mb.o [1]
peMBFrameSendCur        0x20000fb8    0x4  Data  Lc  mb.o [1]
prveMBError2Exception   0x08001f75   0x2e  Code  Gb  mbutils.o [1]
prvucMBBIN2CHAR         0x0800048f   0x28  Code  Lc  mbascii.o [1]
prvucMBCHAR2BIN         0x08000461   0x2e  Code  Lc  mbascii.o [1]
prvucMBLRC              0x080004b7   0x1e  Code  Lc  mbascii.o [1]
prvvTIMERExpiredISR     0x080006a1    0xa  Code  Lc  porttimer.o [1]
prvvUARTRxISR           0x08000575    0xa  Code  Lc  portserial.o [1]
prvvUARTTxReadyISR      0x0800056b    0xa  Code  Lc  portserial.o [1]
pucSndBufferCur         0x20000fdc    0x4  Data  Lc  mbascii.o [1]
pucSndBufferCur         0x20000fe0    0x4  Data  Lc  mbrtu.o [1]
pvMBFrameCloseCur       0x20000fc8    0x4  Data  Lc  mb.o [1]
pvMBFrameStartCur       0x20000fbc    0x4  Data  Lc  mb.o [1]
pvMBFrameStopCur        0x20000fc0    0x4  Data  Lc  mb.o [1]
pxMBFrameCBByteReceived
                        0x20000fcc    0x4  Data  Gb  mb.o [1]
pxMBFrameCBTransmitterEmpty
                        0x20000fd0    0x4  Data  Gb  mb.o [1]
pxMBPortCBTimerExpired  0x20000fd4    0x4  Data  Gb  mb.o [1]
slave_addr              0x20000ff3    0x1  Data  Gb  BootApp_Init.o [1]
ucASCIIBuf              0x20000190    0x4  Data  Lc  mbascii.o [1]
ucMBAddress             0x20000ff7    0x1  Data  Lc  mb.o [1]
ucMBLFCharacter         0x20000fff    0x1  Data  Lc  mbascii.o [1]
ucMBSlaveID             0x20000f60   0x20  Data  Lc  mbfuncother.o [1]
ucRTUBuf                0x20000e60  0x100  Data  Gb  mbrtu.o [1]
usMBCRC16               0x08001745   0x44  Code  Gb  mbcrc.o [1]
usMBSlaveIDLen          0x20000fec    0x2  Data  Lc  mbfuncother.o [1]
usRcvBufferPos          0x20000fe8    0x2  Data  Lc  mbascii.o [1]
usRcvBufferPos          0x20000ff0    0x2  Data  Lc  mbrtu.o [1]
usRegHoldingBuf         0x20000b60  0x200  Data  Gb  portCB.o [1]
usRegInputBuf           0x20000000  0x100  Data  Gb  portCB.o [1]
usSndBufferCount        0x20000fea    0x2  Data  Lc  mbascii.o [1]
usSndBufferCount        0x20000fee    0x2  Data  Lc  mbrtu.o [1]
vMBPortSerialEnable     0x080004e9   0x5e  Code  Gb  portserial.o [1]
vMBPortTimersDelay      0x0800069f    0x2  Code  Gb  porttimer.o [1]
vMBPortTimersDisable    0x08000679   0x26  Code  Gb  porttimer.o [1]
vMBPortTimersEnable     0x08000653   0x26  Code  Gb  porttimer.o [1]
xEventInQueue           0x20001003    0x1  Data  Lc  portevent.o [1]
xFuncHandlers           0x20000100   0x80  Data  Lc  mb.o [1]
xMBASCIIReceiveFSM      0x08000227  0x116  Code  Gb  mbascii.o [1]
xMBASCIITimerT1SExpired
                        0x08000425   0x1c  Code  Gb  mbascii.o [1]
xMBASCIITransmitFSM     0x0800033d   0xe8  Code  Gb  mbascii.o [1]
xMBPortEventGet         0x080006ef   0x20  Code  Gb  portevent.o [1]
xMBPortEventInit        0x080006d5    0xa  Code  Gb  portevent.o [1]
xMBPortEventPost        0x080006df   0x10  Code  Gb  portevent.o [1]
xMBPortSerialGetByte    0x0800055b   0x10  Code  Gb  portserial.o [1]
xMBPortSerialInit       0x080004d5   0x14  Code  Gb  portserial.o [1]
xMBPortSerialPutByte    0x08000547   0x14  Code  Gb  portserial.o [1]
xMBPortTimersInit       0x080005c9   0x8a  Code  Gb  porttimer.o [1]
xMBRTUReceiveFSM        0x08001609   0x80  Code  Gb  mbrtu.o [1]
xMBRTUTimerT35Expired   0x080016e9   0x3c  Code  Gb  mbrtu.o [1]
xMBRTUTransmitFSM       0x08001689   0x60  Code  Gb  mbrtu.o [1]


[1] = F:\FLT\GitHub\TestEng_BootLoader\TestEng_BootLoader\Boot\BootPrj\BootOutput\Obj
[2] = command line
[3] = dl7M_tln.a
[4] = rt7M_tl.a
[5] = shb_l.a

  11 922 bytes of readonly  code memory
     914 bytes of readonly  data memory
   6 148 bytes of readwrite data memory

Errors: none
Warnings: none
