###############################################################################
#
# IAR ELF Linker V7.20.2.7424/W32 for ARM                 23/Jun/2019  15:46:48
# Copyright 2007-2014 IAR Systems AB.
#
#    Output file  =  
#        F:\FLT\GitHub\TestEng_BootLoader\TestEng_BootLoader\Boot\BootPrj\BootOutput\Exe\Project.out
#    Map file     =  
#        F:\FLT\GitHub\TestEng_BootLoader\TestEng_BootLoader\Boot\BootPrj\BootOutput\List\Project.map
#    Command line =  
#        F:\FLT\GitHub\TestEng_BootLoader\TestEng_BootLoader\Boot\BootPrj\BootOutput\Obj\BootApp_Cfg.o
#        F:\FLT\GitHub\TestEng_BootLoader\TestEng_BootLoader\Boot\BootPrj\BootOutput\Obj\BootApp_Cfg_Debug.o
#        F:\FLT\GitHub\TestEng_BootLoader\TestEng_BootLoader\Boot\BootPrj\BootOutput\Obj\BootApp_Cfg_FL0001A00.o
#        F:\FLT\GitHub\TestEng_BootLoader\TestEng_BootLoader\Boot\BootPrj\BootOutput\Obj\BootApp_Cfg_FLT804A00.o
#        F:\FLT\GitHub\TestEng_BootLoader\TestEng_BootLoader\Boot\BootPrj\BootOutput\Obj\BootApp_EreaseApp.o
#        F:\FLT\GitHub\TestEng_BootLoader\TestEng_BootLoader\Boot\BootPrj\BootOutput\Obj\BootApp_ErrHdlr.o
#        F:\FLT\GitHub\TestEng_BootLoader\TestEng_BootLoader\Boot\BootPrj\BootOutput\Obj\BootApp_HandleCmd.o
#        F:\FLT\GitHub\TestEng_BootLoader\TestEng_BootLoader\Boot\BootPrj\BootOutput\Obj\BootApp_Init.o
#        F:\FLT\GitHub\TestEng_BootLoader\TestEng_BootLoader\Boot\BootPrj\BootOutput\Obj\BootApp_IoFunctions.o
#        F:\FLT\GitHub\TestEng_BootLoader\TestEng_BootLoader\Boot\BootPrj\BootOutput\Obj\BootApp_Jump2App.o
#        F:\FLT\GitHub\TestEng_BootLoader\TestEng_BootLoader\Boot\BootPrj\BootOutput\Obj\BootApp_ProgramFlash.o
#        F:\FLT\GitHub\TestEng_BootLoader\TestEng_BootLoader\Boot\BootPrj\BootOutput\Obj\BootApp_ReceiveData.o
#        F:\FLT\GitHub\TestEng_BootLoader\TestEng_BootLoader\Boot\BootPrj\BootOutput\Obj\BootApp_Reset.o
#        F:\FLT\GitHub\TestEng_BootLoader\TestEng_BootLoader\Boot\BootPrj\BootOutput\Obj\BootApp_StateMachine.o
#        F:\FLT\GitHub\TestEng_BootLoader\TestEng_BootLoader\Boot\BootPrj\BootOutput\Obj\BootApp_ValidateApp.o
#        F:\FLT\GitHub\TestEng_BootLoader\TestEng_BootLoader\Boot\BootPrj\BootOutput\Obj\BootDrv_Adapter.o
#        F:\FLT\GitHub\TestEng_BootLoader\TestEng_BootLoader\Boot\BootPrj\BootOutput\Obj\delay.o
#        F:\FLT\GitHub\TestEng_BootLoader\TestEng_BootLoader\Boot\BootPrj\BootOutput\Obj\init.o
#        F:\FLT\GitHub\TestEng_BootLoader\TestEng_BootLoader\Boot\BootPrj\BootOutput\Obj\main.o
#        F:\FLT\GitHub\TestEng_BootLoader\TestEng_BootLoader\Boot\BootPrj\BootOutput\Obj\mb.o
#        F:\FLT\GitHub\TestEng_BootLoader\TestEng_BootLoader\Boot\BootPrj\BootOutput\Obj\mbascii.o
#        F:\FLT\GitHub\TestEng_BootLoader\TestEng_BootLoader\Boot\BootPrj\BootOutput\Obj\mbcrc.o
#        F:\FLT\GitHub\TestEng_BootLoader\TestEng_BootLoader\Boot\BootPrj\BootOutput\Obj\mbfunccoils.o
#        F:\FLT\GitHub\TestEng_BootLoader\TestEng_BootLoader\Boot\BootPrj\BootOutput\Obj\mbfuncdiag.o
#        F:\FLT\GitHub\TestEng_BootLoader\TestEng_BootLoader\Boot\BootPrj\BootOutput\Obj\mbfuncdisc.o
#        F:\FLT\GitHub\TestEng_BootLoader\TestEng_BootLoader\Boot\BootPrj\BootOutput\Obj\mbfuncholding.o
#        F:\FLT\GitHub\TestEng_BootLoader\TestEng_BootLoader\Boot\BootPrj\BootOutput\Obj\mbfuncinput.o
#        F:\FLT\GitHub\TestEng_BootLoader\TestEng_BootLoader\Boot\BootPrj\BootOutput\Obj\mbfuncother.o
#        F:\FLT\GitHub\TestEng_BootLoader\TestEng_BootLoader\Boot\BootPrj\BootOutput\Obj\mbrtu.o
#        F:\FLT\GitHub\TestEng_BootLoader\TestEng_BootLoader\Boot\BootPrj\BootOutput\Obj\mbtcp.o
#        F:\FLT\GitHub\TestEng_BootLoader\TestEng_BootLoader\Boot\BootPrj\BootOutput\Obj\mbutils.o
#        F:\FLT\GitHub\TestEng_BootLoader\TestEng_BootLoader\Boot\BootPrj\BootOutput\Obj\misc.o
#        F:\FLT\GitHub\TestEng_BootLoader\TestEng_BootLoader\Boot\BootPrj\BootOutput\Obj\portCB.o
#        F:\FLT\GitHub\TestEng_BootLoader\TestEng_BootLoader\Boot\BootPrj\BootOutput\Obj\portevent.o
#        F:\FLT\GitHub\TestEng_BootLoader\TestEng_BootLoader\Boot\BootPrj\BootOutput\Obj\portserial.o
#        F:\FLT\GitHub\TestEng_BootLoader\TestEng_BootLoader\Boot\BootPrj\BootOutput\Obj\porttimer.o
#        F:\FLT\GitHub\TestEng_BootLoader\TestEng_BootLoader\Boot\BootPrj\BootOutput\Obj\startup_stm32f10x_md.o
#        F:\FLT\GitHub\TestEng_BootLoader\TestEng_BootLoader\Boot\BootPrj\BootOutput\Obj\stm32f10x_adc.o
#        F:\FLT\GitHub\TestEng_BootLoader\TestEng_BootLoader\Boot\BootPrj\BootOutput\Obj\stm32f10x_bkp.o
#        F:\FLT\GitHub\TestEng_BootLoader\TestEng_BootLoader\Boot\BootPrj\BootOutput\Obj\stm32f10x_can.o
#        F:\FLT\GitHub\TestEng_BootLoader\TestEng_BootLoader\Boot\BootPrj\BootOutput\Obj\stm32f10x_cec.o
#        F:\FLT\GitHub\TestEng_BootLoader\TestEng_BootLoader\Boot\BootPrj\BootOutput\Obj\stm32f10x_crc.o
#        F:\FLT\GitHub\TestEng_BootLoader\TestEng_BootLoader\Boot\BootPrj\BootOutput\Obj\stm32f10x_dac.o
#        F:\FLT\GitHub\TestEng_BootLoader\TestEng_BootLoader\Boot\BootPrj\BootOutput\Obj\stm32f10x_dbgmcu.o
#        F:\FLT\GitHub\TestEng_BootLoader\TestEng_BootLoader\Boot\BootPrj\BootOutput\Obj\stm32f10x_dma.o
#        F:\FLT\GitHub\TestEng_BootLoader\TestEng_BootLoader\Boot\BootPrj\BootOutput\Obj\stm32f10x_exti.o
#        F:\FLT\GitHub\TestEng_BootLoader\TestEng_BootLoader\Boot\BootPrj\BootOutput\Obj\stm32f10x_flash.o
#        F:\FLT\GitHub\TestEng_BootLoader\TestEng_BootLoader\Boot\BootPrj\BootOutput\Obj\stm32f10x_fsmc.o
#        F:\FLT\GitHub\TestEng_BootLoader\TestEng_BootLoader\Boot\BootPrj\BootOutput\Obj\stm32f10x_gpio.o
#        F:\FLT\GitHub\TestEng_BootLoader\TestEng_BootLoader\Boot\BootPrj\BootOutput\Obj\stm32f10x_i2c.o
#        F:\FLT\GitHub\TestEng_BootLoader\TestEng_BootLoader\Boot\BootPrj\BootOutput\Obj\stm32f10x_it.o
#        F:\FLT\GitHub\TestEng_BootLoader\TestEng_BootLoader\Boot\BootPrj\BootOutput\Obj\stm32f10x_iwdg.o
#        F:\FLT\GitHub\TestEng_BootLoader\TestEng_BootLoader\Boot\BootPrj\BootOutput\Obj\stm32f10x_pwr.o
#        F:\FLT\GitHub\TestEng_BootLoader\TestEng_BootLoader\Boot\BootPrj\BootOutput\Obj\stm32f10x_rcc.o
#        F:\FLT\GitHub\TestEng_BootLoader\TestEng_BootLoader\Boot\BootPrj\BootOutput\Obj\stm32f10x_rtc.o
#        F:\FLT\GitHub\TestEng_BootLoader\TestEng_BootLoader\Boot\BootPrj\BootOutput\Obj\stm32f10x_sdio.o
#        F:\FLT\GitHub\TestEng_BootLoader\TestEng_BootLoader\Boot\BootPrj\BootOutput\Obj\stm32f10x_spi.o
#        F:\FLT\GitHub\TestEng_BootLoader\TestEng_BootLoader\Boot\BootPrj\BootOutput\Obj\stm32f10x_tim.o
#        F:\FLT\GitHub\TestEng_BootLoader\TestEng_BootLoader\Boot\BootPrj\BootOutput\Obj\stm32f10x_usart.o
#        F:\FLT\GitHub\TestEng_BootLoader\TestEng_BootLoader\Boot\BootPrj\BootOutput\Obj\stm32f10x_wwdg.o
#        F:\FLT\GitHub\TestEng_BootLoader\TestEng_BootLoader\Boot\BootPrj\BootOutput\Obj\system_stm32f10x.o
#        -o
#        F:\FLT\GitHub\TestEng_BootLoader\TestEng_BootLoader\Boot\BootPrj\BootOutput\Exe\Project.out
#        --map
#        F:\FLT\GitHub\TestEng_BootLoader\TestEng_BootLoader\Boot\BootPrj\BootOutput\List\Project.map
#        --config
#        F:\FLT\GitHub\TestEng_BootLoader\TestEng_BootLoader\Boot\BootPrj\..\..\Libraries\stm32f10x_flash.icf
#        --semihosting --entry __iar_program_start --vfe
#
###############################################################################

*******************************************************************************
*** RUNTIME MODEL ATTRIBUTES
***

CppFlavor       = *
__SystemLibrary = DLib


*******************************************************************************
*** PLACEMENT SUMMARY
***

"A1":  place at 0x08000000 { ro section .intvec };
"P1":  place in [from 0x08000000 to 0x0802bfff] { ro };
"P2":  place in [from 0x20000000 to 0x20004fff] { rw, block CSTACK, block HEAP };

  Section            Kind        Address    Size  Object
  -------            ----        -------    ----  ------
"A1":                                       0xec
  .intvec            ro code  0x08000000    0xec  startup_stm32f10x_md.o [1]
                            - 0x080000ec    0xec

"P1":                                     0x32b4
  .text              ro code  0x080000ec   0x404  BootApp_ReceiveData.o [1]
  .text              ro code  0x080004f0     0x6  ABImemclr4.o [4]
  .text              ro code  0x080004f6    0x22  zero_init3.o [4]
  .text              ro code  0x08000518    0x32  ABImemset48.o [4]
  .text              ro code  0x0800054c   0x3e8  mbascii.o [1]
  .text              ro code  0x08000934   0x108  portserial.o [1]
  .text              ro code  0x08000a3c   0x10c  porttimer.o [1]
  .text              ro code  0x08000b48    0x44  portevent.o [1]
  .text              ro code  0x08000b8c   0x1a4  BootApp_Init.o [1]
  .text              ro code  0x08000d30   0x17e  BootApp_IoFunctions.o [1]
  .text              ro code  0x08000eb0   0x1f8  stm32f10x_usart.o [1]
  .text              ro code  0x080010a8    0x74  delay.o [1]
  .text              ro code  0x0800111c   0x134  stm32f10x_rcc.o [1]
  .text              ro code  0x08001250   0x150  stm32f10x_tim.o [1]
  .text              ro code  0x080013a0    0xc0  misc.o [1]
  .text              ro code  0x08001460   0x2d4  mb.o [1]
  .text              ro code  0x08001734   0x162  stm32f10x_gpio.o [1]
  .text              ro code  0x08001898   0x29c  mbrtu.o [1]
  .text              ro code  0x08001b34    0x44  mbcrc.o [1]
  .text              ro code  0x08001b78   0x28a  mbfuncholding.o [1]
  .text              ro code  0x08001e04   0x178  portCB.o [1]
  .text              ro code  0x08001f7c    0x2e  mbutils.o [1]
  .text              ro code  0x08001faa   0x1e6  mbfunccoils.o [1]
  .text              ro code  0x08002190   0x1e4  BootApp_ProgramFlash.o [1]
  .text              ro code  0x08002374    0xcc  BootDrv_Adapter.o [1]
  .text              ro code  0x08002440   0x182  stm32f10x_flash.o [1]
  .text              ro code  0x080025c4   0x1d4  BootApp_StateMachine.o [1]
  .text              ro code  0x08002798    0x44  BootApp_HandleCmd.o [1]
  .text              ro code  0x080027dc     0x2  BootApp_ErrHdlr.o [1]
  .text              ro code  0x080027e0    0x50  BootApp_EreaseApp.o [1]
  .text              ro code  0x08002830    0x3c  BootApp_Reset.o [1]
  .text              ro code  0x0800286c   0x108  BootApp_ValidateApp.o [1]
  .text              ro code  0x08002974    0x38  BootApp_Jump2App.o [1]
  .text              ro code  0x080029ac   0x158  system_stm32f10x.o [1]
  .rodata            const    0x08002b04   0x100  mbcrc.o [1]
  .rodata            const    0x08002c04   0x100  mbcrc.o [1]
  .text              ro code  0x08002d04    0xd2  packbits_init.o [4]
  .text              ro code  0x08002dd6     0x6  abort.o [3]
  .text              ro code  0x08002ddc    0x14  exit.o [5]
  .text              ro code  0x08002df0    0xbe  mbfuncdisc.o [1]
  .text              ro code  0x08002eae    0xa2  mbfuncinput.o [1]
  .text              ro code  0x08002f50    0x80  init.o [1]
  .text              ro code  0x08002fd0    0x76  ABImemcpy_unaligned.o [4]
  .text              ro code  0x08003048    0x34  mbfuncother.o [1]
  .text              ro code  0x0800307c    0x2a  stm32f10x_it.o [1]
  .text              ro code  0x080030a8    0x28  main.o [1]
  .text              ro code  0x080030d0    0x28  data_init.o [4]
  .rodata            const    0x080030f8    0x24  BootApp_ReceiveData.o [1]
  .iar.init_table    const    0x0800311c    0x2c  - Linker created -
  .text              ro code  0x08003148    0x1a  cmain.o [4]
  .text              ro code  0x08003162     0x4  low_level_init.o [3]
  .text              ro code  0x08003166     0x4  exit.o [3]
  .text              ro code  0x0800316c     0xa  cexit.o [4]
  .rodata            const    0x08003178    0x10  BootApp_Cfg.o [1]
  .text              ro code  0x08003188    0x10  startup_stm32f10x_md.o [1]
  .text              ro code  0x08003198     0xc  cstartup_M.o [4]
  .rodata            const    0x080031a4     0x4  BootApp_Cfg.o [1]
  .text              ro code  0x080031a8     0x4  startup_stm32f10x_md.o [1]
  .text              ro code  0x080031ac     0x4  startup_stm32f10x_md.o [1]
  .text              ro code  0x080031b0     0x4  startup_stm32f10x_md.o [1]
  .text              ro code  0x080031b4     0x4  startup_stm32f10x_md.o [1]
  .text              ro code  0x080031b8     0x4  startup_stm32f10x_md.o [1]
  .text              ro code  0x080031bc     0x4  startup_stm32f10x_md.o [1]
  .text              ro code  0x080031c0     0x4  startup_stm32f10x_md.o [1]
  .text              ro code  0x080031c4     0x4  startup_stm32f10x_md.o [1]
  .text              ro code  0x080031c8     0x4  startup_stm32f10x_md.o [1]
  .text              ro code  0x080031cc     0x4  startup_stm32f10x_md.o [1]
  .text              ro code  0x080031d0     0x4  startup_stm32f10x_md.o [1]
  .text              ro code  0x080031d4     0x4  startup_stm32f10x_md.o [1]
  .text              ro code  0x080031d8     0x4  startup_stm32f10x_md.o [1]
  .text              ro code  0x080031dc     0x4  startup_stm32f10x_md.o [1]
  .text              ro code  0x080031e0     0x4  startup_stm32f10x_md.o [1]
  .text              ro code  0x080031e4     0x4  startup_stm32f10x_md.o [1]
  .text              ro code  0x080031e8     0x4  startup_stm32f10x_md.o [1]
  .text              ro code  0x080031ec     0x4  startup_stm32f10x_md.o [1]
  .text              ro code  0x080031f0     0x4  startup_stm32f10x_md.o [1]
  .text              ro code  0x080031f4     0x4  startup_stm32f10x_md.o [1]
  .text              ro code  0x080031f8     0x4  startup_stm32f10x_md.o [1]
  .text              ro code  0x080031fc     0x4  startup_stm32f10x_md.o [1]
  .text              ro code  0x08003200     0x4  startup_stm32f10x_md.o [1]
  .text              ro code  0x08003204     0x4  startup_stm32f10x_md.o [1]
  .text              ro code  0x08003208     0x4  startup_stm32f10x_md.o [1]
  .text              ro code  0x0800320c     0x4  startup_stm32f10x_md.o [1]
  .text              ro code  0x08003210     0x4  startup_stm32f10x_md.o [1]
  .text              ro code  0x08003214     0x4  startup_stm32f10x_md.o [1]
  .text              ro code  0x08003218     0x4  startup_stm32f10x_md.o [1]
  .text              ro code  0x0800321c     0x4  startup_stm32f10x_md.o [1]
  .text              ro code  0x08003220     0x4  startup_stm32f10x_md.o [1]
  .text              ro code  0x08003224     0x4  startup_stm32f10x_md.o [1]
  .text              ro code  0x08003228     0x4  startup_stm32f10x_md.o [1]
  .text              ro code  0x0800322c     0x4  startup_stm32f10x_md.o [1]
  .text              ro code  0x08003230     0x4  startup_stm32f10x_md.o [1]
  .text              ro code  0x08003234     0x4  startup_stm32f10x_md.o [1]
  .text              ro code  0x08003238     0x4  startup_stm32f10x_md.o [1]
  .text              ro code  0x0800323c     0x4  startup_stm32f10x_md.o [1]
  .text              ro code  0x08003240     0x4  startup_stm32f10x_md.o [1]
  .text              ro code  0x08003244     0x4  startup_stm32f10x_md.o [1]
  .text              ro code  0x08003248     0x4  startup_stm32f10x_md.o [1]
  .text              ro code  0x0800324c     0x4  startup_stm32f10x_md.o [1]
  .text              ro code  0x08003250     0x4  startup_stm32f10x_md.o [1]
  .text              ro code  0x08003254     0x4  startup_stm32f10x_md.o [1]
  .text              ro code  0x08003258     0x4  startup_stm32f10x_md.o [1]
  .text              ro code  0x0800325c     0x4  startup_stm32f10x_md.o [1]
  .text              ro code  0x08003260     0x4  startup_stm32f10x_md.o [1]
  .text              ro code  0x08003264     0x4  startup_stm32f10x_md.o [1]
  .text              ro code  0x08003268     0x4  startup_stm32f10x_md.o [1]
  .text              ro code  0x0800326c     0x4  startup_stm32f10x_md.o [1]
  .text              ro code  0x08003270     0x4  startup_stm32f10x_md.o [1]
  .text              ro code  0x08003274     0x4  startup_stm32f10x_md.o [1]
  .rodata            const    0x08003278     0x0  zero_init3.o [4]
  .rodata            const    0x08003278     0x0  packbits_init.o [4]
  Initializer bytes  ro data  0x08003278   0x128  <for P2 s0>
                            - 0x080033a0  0x32b4

"P2":                                     0x18a0
  P2 s0                       0x20000000   0x253  <Init block>
    .data            inited   0x20000000   0x100  portCB.o [1]
    .data            inited   0x20000100    0x90  BootApp_Cfg_FL0001A00.o [1]
    .data            inited   0x20000190    0x80  mb.o [1]
    .data            inited   0x20000210    0x14  BootApp_Cfg_FL0001A00.o [1]
    .data            inited   0x20000224    0x10  stm32f10x_rcc.o [1]
    .data            inited   0x20000234     0x8  BootApp_Cfg.o [1]
    .data            inited   0x2000023c     0x8  BootApp_Cfg.o [1]
    .data            inited   0x20000244     0x4  mbascii.o [1]
    .data            inited   0x20000248     0x4  stm32f10x_rcc.o [1]
    .data            inited   0x2000024c     0x4  system_stm32f10x.o [1]
    .data            inited   0x20000250     0x2  BootApp_ValidateApp.o [1]
    .data            inited   0x20000252     0x1  mb.o [1]
  .bss               zero     0x20000254   0x400  BootApp_ReceiveData.o [1]
  .bss               zero     0x20000654   0x3c0  BootApp_ProgramFlash.o [1]
  .bss               zero     0x20000a14   0x200  BootApp_HandleCmd.o [1]
  .bss               zero     0x20000c14   0x200  portCB.o [1]
  .bss               zero     0x20000e14   0x100  BootApp_HandleCmd.o [1]
  .bss               zero     0x20000f14   0x100  mbrtu.o [1]
  .bss               zero     0x20001014    0x20  mbfuncother.o [1]
  .bss               zero     0x20001034    0x18  BootApp_ReceiveData.o [1]
  .bss               zero     0x2000104c     0x4  BootApp_ReceiveData.o [1]
  .bss               zero     0x20001050     0x4  mb.o [1]
  .bss               zero     0x20001054     0x4  mb.o [1]
  .bss               zero     0x20001058     0x4  mb.o [1]
  .bss               zero     0x2000105c     0x4  mb.o [1]
  .bss               zero     0x20001060     0x4  mb.o [1]
  .bss               zero     0x20001064     0x4  mb.o [1]
  .bss               zero     0x20001068     0x4  mb.o [1]
  .bss               zero     0x2000106c     0x4  mb.o [1]
  .bss               zero     0x20001070     0x4  mb.o [1]
  .bss               zero     0x20001074     0x4  mbascii.o [1]
  .bss               zero     0x20001078     0x4  mbrtu.o [1]
  .bss               zero     0x2000107c     0x4  portserial.o [1]
  .bss               zero     0x20001080     0x2  delay.o [1]
  .bss               zero     0x20001082     0x2  mb.o [1]
  .bss               zero     0x20001084     0x2  mbascii.o [1]
  .bss               zero     0x20001086     0x2  mbascii.o [1]
  .bss               zero     0x20001088     0x2  mbfuncother.o [1]
  .bss               zero     0x2000108a     0x2  mbrtu.o [1]
  .bss               zero     0x2000108c     0x2  mbrtu.o [1]
  .bss               zero     0x2000108e     0x1  BootApp_Init.o [1]
  .bss               zero     0x2000108f     0x1  BootApp_Init.o [1]
  .bss               zero     0x20001090     0x1  BootApp_Reset.o [1]
  .bss               zero     0x20001091     0x1  BootApp_StateMachine.o [1]
  .bss               zero     0x20001092     0x1  delay.o [1]
  .bss               zero     0x20001093     0x1  mb.o [1]
  .bss               zero     0x20001094     0x1  mb.o [1]
  .bss               zero     0x20001095     0x1  mb.o [1]
  .bss               zero     0x20001096     0x1  mb.o [1]
  .bss               zero     0x20001097     0x1  mb.o [1]
  .bss               zero     0x20001098     0x1  mbascii.o [1]
  .bss               zero     0x20001099     0x1  mbascii.o [1]
  .bss               zero     0x2000109a     0x1  mbascii.o [1]
  .bss               zero     0x2000109b     0x1  mbascii.o [1]
  .bss               zero     0x2000109c     0x1  mbrtu.o [1]
  .bss               zero     0x2000109d     0x1  mbrtu.o [1]
  .bss               zero     0x2000109e     0x1  portevent.o [1]
  .bss               zero     0x2000109f     0x1  portevent.o [1]
  CSTACK                      0x200010a0   0x800  <Block>
    CSTACK           uninit   0x200010a0   0x800  <Block tail>
                            - 0x200018a0  0x18a0


*******************************************************************************
*** INIT TABLE
***

          Address     Size
          -------     ----
Zero (__iar_zero_init3)
    1 destination range, total size 0xe4c:
          0x20000254  0xe4c

Copy/packbits (__iar_packbits_init3)
    1 source range, total size 0x128 (49% of destination):
          0x08003278  0x128
    1 destination range, total size 0x253:
          0x20000000  0x253



*******************************************************************************
*** MODULE SUMMARY
***

    Module                   ro code  ro data  rw data
    ------                   -------  -------  -------
F:\FLT\GitHub\TestEng_BootLoader\TestEng_BootLoader\Boot\BootPrj\BootOutput\Obj: [1]
    BootApp_Cfg.o                          28       16
    BootApp_Cfg_FL0001A00.o                81      164
    BootApp_EreaseApp.o           80
    BootApp_ErrHdlr.o              2
    BootApp_HandleCmd.o           68               768
    BootApp_Init.o               420                 2
    BootApp_IoFunctions.o        382
    BootApp_Jump2App.o            56
    BootApp_ProgramFlash.o       484               960
    BootApp_ReceiveData.o      1 028       36    1 052
    BootApp_Reset.o               60                 1
    BootApp_StateMachine.o       468                 1
    BootApp_ValidateApp.o        264        1        2
    BootDrv_Adapter.o            204
    delay.o                      116                 3
    init.o                       128
    main.o                        40
    mb.o                         724       65      172
    mbascii.o                  1 000        2       16
    mbcrc.o                       68      512
    mbfunccoils.o                486
    mbfuncdisc.o                 190
    mbfuncholding.o              650
    mbfuncinput.o                162
    mbfuncother.o                 52                34
    mbrtu.o                      668               266
    mbutils.o                     46
    misc.o                       192
    portCB.o                     376      127      768
    portevent.o                   68                 2
    portserial.o                 264                 4
    porttimer.o                  268
    startup_stm32f10x_md.o       460
    stm32f10x_flash.o            386
    stm32f10x_gpio.o             354
    stm32f10x_it.o                42
    stm32f10x_rcc.o              308       10       20
    stm32f10x_tim.o              336
    stm32f10x_usart.o            504
    system_stm32f10x.o           344        2        4
    --------------------------------------------------
    Total:                    11 748      864    4 255

command line: [2]
    --------------------------------------------------
    Total:

dl7M_tln.a: [3]
    abort.o                        6
    exit.o                         4
    low_level_init.o               4
    --------------------------------------------------
    Total:                        14

rt7M_tl.a: [4]
    ABImemclr4.o                   6
    ABImemcpy_unaligned.o        118
    ABImemset48.o                 50
    cexit.o                       10
    cmain.o                       26
    cstartup_M.o                  12
    data_init.o                   40
    packbits_init.o              210
    zero_init3.o                  34
    --------------------------------------------------
    Total:                       506

shb_l.a: [5]
    exit.o                        20
    --------------------------------------------------
    Total:                        20

    Gaps                          18        2        1
    Linker created                         44    2 048
------------------------------------------------------
    Grand Total:              12 306      910    6 304


*******************************************************************************
*** ENTRY LIST
***

Entry                      Address   Size  Type      Object
-----                      -------   ----  ----      ------
?main                   0x08003149         Code  Gb  cmain.o [4]
ADCPrescTable           0x20000248    0x4  Data  Lc  stm32f10x_rcc.o [1]
APBAHBPrescTable        0x20000224   0x10  Data  Lc  stm32f10x_rcc.o [1]
BootApp_App_Cfg_cpcst   0x080031a4    0x4  Data  Gb  BootApp_Cfg.o [1]
BootApp_App_Cfg_cst     0x08003178   0x10  Data  Gb  BootApp_Cfg.o [1]
BootApp_App_GpioPin_cast
                        0x20000100   0x90  Data  Gb  BootApp_Cfg_FL0001A00.o [1]
BootApp_App_Valid_en    0x20000250    0x2  Data  Gb  BootApp_ValidateApp.o [1]
BootApp_CommunicationBuffer_un
                        0x20000a14  0x200  Data  Gb  BootApp_HandleCmd.o [1]
BootApp_CopyFromMb      0x080027b1   0x10  Code  Lc  BootApp_HandleCmd.o [1]
BootApp_Disable_usart_rx
                        0x08000e77    0xe  Code  Gb  BootApp_IoFunctions.o [1]
BootApp_Disable_usart_tx
                        0x08000e93    0xe  Code  Gb  BootApp_IoFunctions.o [1]
BootApp_Enable_ReceiveData
                        0x080004cb    0x8  Code  Gb  BootApp_ReceiveData.o [1]
BootApp_Enable_usart_rx
                        0x08000e85    0xe  Code  Gb  BootApp_IoFunctions.o [1]
BootApp_Enable_usart_tx
                        0x08000ea1    0xe  Code  Gb  BootApp_IoFunctions.o [1]
BootApp_Erease_App      0x080027e1   0x50  Code  Gb  BootApp_EreaseApp.o [1]
BootApp_GetApp_init_en  0x2000108e    0x1  Data  Lc  BootApp_Init.o [1]
BootApp_GetReset_Reason
                        0x08002831   0x26  Code  Gb  BootApp_Reset.o [1]
BootApp_Get_Cfg_Gpio    0x08000bdb   0x2a  Code  Gb  BootApp_Init.o [1]
BootApp_Get_Cfg_Uart    0x08000c05   0x2a  Code  Gb  BootApp_Init.o [1]
BootApp_Get_Command     0x08000111   0x14  Code  Gb  BootApp_ReceiveData.o [1]
BootApp_Get_CommunicationBuf
                        0x080027cf    0x6  Code  Gb  BootApp_HandleCmd.o [1]
BootApp_Get_ReceiveData_Info
                        0x080004c5    0x6  Code  Gb  BootApp_ReceiveData.o [1]
BootApp_Get_State       0x080025cb    0x6  Code  Gb  BootApp_StateMachine.o [1]
BootApp_Get_Uart        0x08000ced   0x44  Code  Gb  BootApp_Init.o [1]
BootApp_Get_board_address
                        0x08000df1   0x86  Code  Gb  BootApp_IoFunctions.o [1]
BootApp_Gpio_Init       0x08000c3d   0x54  Code  Lc  BootApp_Init.o [1]
BootApp_Gpio_cst        0x20000234    0x8  Data  Gb  BootApp_Cfg.o [1]
BootApp_HandleCmd_Receive
                        0x08002799    0xc  Code  Gb  BootApp_HandleCmd.o [1]
BootApp_HandleCmd_Send  0x080027a5    0xc  Code  Gb  BootApp_HandleCmd.o [1]
BootApp_IoFunction      0x08000d31   0xc0  Code  Lc  BootApp_IoFunctions.o [1]
BootApp_Log_Exe_Status  0x080027dd    0x2  Code  Gb  BootApp_ErrHdlr.o [1]
BootApp_NewCmd_Received
                        0x080000ed   0x24  Code  Gb  BootApp_ReceiveData.o [1]
BootApp_Prog_init       0x08000b8d   0x4e  Code  Gb  BootApp_Init.o [1]
BootApp_Program_Flash   0x08002191  0x1a6  Code  Gb  BootApp_ProgramFlash.o [1]
BootApp_Program_Flash_Finish
                        0x08002337   0x34  Code  Gb  BootApp_ProgramFlash.o [1]
BootApp_ReceiveData_st  0x20001034   0x18  Data  Gb  BootApp_ReceiveData.o [1]
BootApp_Receive_Data    0x080001c9  0x2f4  Code  Gb  BootApp_ReceiveData.o [1]
BootApp_Receive_Data_Finish
                        0x080004bd    0x8  Code  Gb  BootApp_ReceiveData.o [1]
BootApp_Reset_Sys       0x0800285d   0x10  Code  Gb  BootApp_Reset.o [1]
BootApp_Reset_en        0x20001090    0x1  Data  Gb  BootApp_Reset.o [1]
BootApp_Run_App         0x08002975   0x38  Code  Gb  BootApp_Jump2App.o [1]
BootApp_SectBuffer_Read
                        0x08000177   0x52  Code  Gb  BootApp_ReceiveData.o [1]
BootApp_SectBuffer_Write
                        0x08000125   0x52  Code  Gb  BootApp_ReceiveData.o [1]
BootApp_SectBuffer_en   0x20000254  0x400  Data  Gb  BootApp_ReceiveData.o [1]
BootApp_Sect_Dirty_Msk_au16
                        0x080030f8   0x24  Data  Gb  BootApp_ReceiveData.o [1]
BootApp_SendToMb        0x080027c1    0xe  Code  Lc  BootApp_HandleCmd.o [1]
BootApp_Set_State       0x080025c5    0x6  Code  Gb  BootApp_StateMachine.o [1]
BootApp_StateMachine    0x080025d5  0x188  Code  Gb  BootApp_StateMachine.o [1]
BootApp_State_Init_Act  0x0800275d   0x3c  Code  Gb  BootApp_StateMachine.o [1]
BootApp_State_en        0x20001091    0x1  Data  Gb  BootApp_StateMachine.o [1]
BootApp_UartPort_cast   0x20000210   0x14  Data  Gb  BootApp_Cfg_FL0001A00.o [1]
BootApp_Uart_Init       0x08000c91   0x5c  Code  Lc  BootApp_Init.o [1]
BootApp_Uart_cst        0x2000023c    0x8  Data  Gb  BootApp_Cfg.o [1]
BootApp_Validate_App    0x0800286d   0x3e  Code  Gb  BootApp_ValidateApp.o [1]
BootApp_Validate_Info   0x080028ab   0xb0  Code  Lc  BootApp_ValidateApp.o [1]
BootApp_WriteData_ast   0x20000654  0x3c0  Data  Gb  BootApp_ProgramFlash.o [1]
BootDrv_EreaseFlash     0x08002377   0x46  Code  Gb  BootDrv_Adapter.o [1]
BootDrv_ProgramFlash    0x080023bd   0x7c  Code  Gb  BootDrv_Adapter.o [1]
BootDrv_Reset           0x08002375    0x2  Code  Gb  BootDrv_Adapter.o [1]
BusFault_Handler        0x08003095    0x2  Code  Gb  stm32f10x_it.o [1]
CSTACK$$Base            0x200010a0          --   Gb  - Linker created -
CSTACK$$Limit           0x200018a0          --   Gb  - Linker created -
DebugMon_Handler        0x0800309b    0x2  Code  Gb  stm32f10x_it.o [1]
Delay_Init              0x080010a9   0x28  Code  Gb  delay.o [1]
Delay_ms                0x080010d1   0x36  Code  Gb  delay.o [1]
EXTI9_5_IRQHandler      0x0800307f    0x2  Code  Gb  stm32f10x_it.o [1]
FLASH_ErasePage         0x08002469   0x5e  Code  Gb  stm32f10x_flash.o [1]
FLASH_GetBank1Status    0x08002547   0x34  Code  Gb  stm32f10x_flash.o [1]
FLASH_Lock              0x08002457   0x12  Code  Gb  stm32f10x_flash.o [1]
FLASH_ProgramWord       0x080024c7   0x80  Code  Gb  stm32f10x_flash.o [1]
FLASH_Unlock            0x08002441   0x16  Code  Gb  stm32f10x_flash.o [1]
FLASH_WaitForLastOperation
                        0x08002595   0x2e  Code  Gb  stm32f10x_flash.o [1]
GPIO_Init               0x08001735  0x136  Code  Gb  stm32f10x_gpio.o [1]
GPIO_ReadInputDataBit   0x0800186b   0x1a  Code  Gb  stm32f10x_gpio.o [1]
GPIO_WriteBit           0x08001885   0x12  Code  Gb  stm32f10x_gpio.o [1]
HardFault_Handler       0x08003091    0x2  Code  Gb  stm32f10x_it.o [1]
I2C1_ER_IRQHandler      0x080030a3    0x2  Code  Gb  stm32f10x_it.o [1]
InStream_Read           0x08002d05   0x22  Code  Lc  packbits_init.o [4]
MB_USART_PORT           0x2000107c    0x4  Data  Gb  portserial.o [1]
MemManage_Handler       0x08003093    0x2  Code  Gb  stm32f10x_it.o [1]
NMI_Handler             0x0800308f    0x2  Code  Gb  stm32f10x_it.o [1]
NVIC_Configuration      0x08002f83   0x48  Code  Gb  init.o [1]
NVIC_Init               0x080013ab   0x68  Code  Gb  misc.o [1]
NVIC_PriorityGroupConfig
                        0x080013a1    0xa  Code  Gb  misc.o [1]
NVIC_SetVectorTable     0x08001413    0xc  Code  Gb  misc.o [1]
PendSV_Handler          0x0800309d    0x2  Code  Gb  stm32f10x_it.o [1]
RCC_APB1PeriphClockCmd  0x08001217   0x1e  Code  Gb  stm32f10x_rcc.o [1]
RCC_APB2PeriphClockCmd  0x080011f9   0x1e  Code  Gb  stm32f10x_rcc.o [1]
RCC_Configuration       0x08002f5d   0x26  Code  Gb  init.o [1]
RCC_GetClocksFreq       0x0800111d   0xdc  Code  Gb  stm32f10x_rcc.o [1]
RTCAlarm_IRQHandler     0x080030a5    0x2  Code  Gb  stm32f10x_it.o [1]
RTC_IRQHandler          0x0800309f    0x2  Code  Gb  stm32f10x_it.o [1]
Region$$Table$$Base     0x0800311c          --   Gb  - Linker created -
Region$$Table$$Limit    0x08003148          --   Gb  - Linker created -
SPI2_IRQHandler         0x080030a1    0x2  Code  Gb  stm32f10x_it.o [1]
SVC_Handler             0x08003099    0x2  Code  Gb  stm32f10x_it.o [1]
SetSysClock             0x08002a01    0x8  Code  Lc  system_stm32f10x.o [1]
SetSysClockTo72         0x08002a09   0xe0  Code  Lc  system_stm32f10x.o [1]
StatusBuffer_un         0x20000e14  0x100  Data  Gb  BootApp_HandleCmd.o [1]
SysTick_CLKSourceConfig
                        0x0800141f   0x20  Code  Gb  misc.o [1]
SystemCoreClock         0x2000024c    0x4  Data  Gb  system_stm32f10x.o [1]
SystemInit              0x080029ad   0x54  Code  Gb  system_stm32f10x.o [1]
TIM2_IRQHandler         0x08003081    0xe  Code  Gb  stm32f10x_it.o [1]
TIM4_IRQHandler         0x08000b1f   0x1c  Code  Gb  porttimer.o [1]
TIM_ARRPreloadConfig    0x08001317   0x1c  Code  Gb  stm32f10x_tim.o [1]
TIM_ClearFlag           0x08001337    0x8  Code  Gb  stm32f10x_tim.o [1]
TIM_ClearITPendingBit   0x08001371    0x8  Code  Gb  stm32f10x_tim.o [1]
TIM_Cmd                 0x080012e5   0x1c  Code  Gb  stm32f10x_tim.o [1]
TIM_GetITStatus         0x0800133f   0x32  Code  Gb  stm32f10x_tim.o [1]
TIM_ITConfig            0x08001301   0x16  Code  Gb  stm32f10x_tim.o [1]
TIM_SetCounter          0x08001333    0x4  Code  Gb  stm32f10x_tim.o [1]
TIM_TimeBaseInit        0x08001251   0x94  Code  Gb  stm32f10x_tim.o [1]
USART1_IRQHandler       0x080009eb   0x44  Code  Gb  portserial.o [1]
USART2_IRQHandler       0x0800307d    0x2  Code  Gb  stm32f10x_it.o [1]
USART_ClearITPendingBit
                        0x08001085   0x24  Code  Gb  stm32f10x_usart.o [1]
USART_Cmd               0x08000f95   0x1c  Code  Gb  stm32f10x_usart.o [1]
USART_GetITStatus       0x08001017   0x6e  Code  Gb  stm32f10x_usart.o [1]
USART_ITConfig          0x08000fb1   0x56  Code  Gb  stm32f10x_usart.o [1]
USART_Init              0x08000eb1   0xde  Code  Gb  stm32f10x_usart.o [1]
USART_ReceiveData       0x0800100f    0x8  Code  Gb  stm32f10x_usart.o [1]
USART_SendData          0x08001007    0x8  Code  Gb  stm32f10x_usart.o [1]
UsageFault_Handler      0x08003097    0x2  Code  Gb  stm32f10x_it.o [1]
__aeabi_memclr4         0x080004f1         Code  Gb  ABImemclr4.o [4]
__as_entries_start      0xffffffff          --   Gb  command line/config [2]
__as_table_start        0xffffffff          --   Gb  command line/config [2]
__cmain                 0x08003149         Code  Gb  cmain.o [4]
__exit                  0x08002ddd   0x14  Code  Gb  exit.o [5]
__iar_Memset4_word      0x08000519         Code  Gb  ABImemset48.o [4]
__iar_Memset8_word      0x08000519         Code  Gb  ABImemset48.o [4]
__iar_data_init3        0x080030d1   0x28  Code  Gb  data_init.o [4]
__iar_packbits_init3    0x08002d27   0xb0  Code  Gb  packbits_init.o [4]
__iar_program_start     0x08003199         Code  Gb  cstartup_M.o [4]
__iar_unaligned___aeabi_memcpy
                        0x08002fd1         Code  Gb  ABImemcpy_unaligned.o [4]
__iar_unaligned___aeabi_memcpy4
                        0x08002ff1         Code  Gb  ABImemcpy_unaligned.o [4]
__iar_unaligned___aeabi_memcpy8
                        0x08002ff1         Code  Gb  ABImemcpy_unaligned.o [4]
__iar_zero_init3        0x080004f7   0x22  Code  Gb  zero_init3.o [4]
__low_level_init        0x08003163    0x4  Code  Gb  low_level_init.o [3]
__vector_table          0x08000000         Data  Gb  startup_stm32f10x_md.o [1]
_call_main              0x08003155         Code  Gb  cmain.o [4]
_exit                   0x0800316d         Code  Gb  cexit.o [4]
_main                   0x0800315f         Code  Gb  cmain.o [4]
abort                   0x08002dd7    0x6  Code  Gb  abort.o [3]
aucCRCHi                0x08002b04  0x100  Data  Lc  mbcrc.o [1]
aucCRCLo                0x08002c04  0x100  Data  Lc  mbcrc.o [1]
eBytePos                0x2000109a    0x1  Data  Lc  mbascii.o [1]
eMBASCIIInit            0x0800054d   0x4e  Code  Gb  mbascii.o [1]
eMBASCIIReceive         0x080005cb   0x4a  Code  Gb  mbascii.o [1]
eMBASCIISend            0x08000615   0x72  Code  Gb  mbascii.o [1]
eMBASCIIStart           0x0800059b   0x1c  Code  Gb  mbascii.o [1]
eMBASCIIStop            0x080005b7   0x14  Code  Gb  mbascii.o [1]
eMBCurrentMode          0x20001094    0x1  Data  Lc  mb.o [1]
eMBEnable               0x08001575   0x24  Code  Gb  mb.o [1]
eMBFuncReadCoils        0x08001fab   0xc0  Code  Gb  mbfunccoils.o [1]
eMBFuncReadDiscreteInputs
                        0x08002df1   0xbe  Code  Gb  mbfuncdisc.o [1]
eMBFuncReadHoldingRegister
                        0x08001c4d   0xa4  Code  Gb  mbfuncholding.o [1]
eMBFuncReadInputRegister
                        0x08002eaf   0xa2  Code  Gb  mbfuncinput.o [1]
eMBFuncReadWriteMultipleHoldingRegister
                        0x08001cf1  0x112  Code  Gb  mbfuncholding.o [1]
eMBFuncReportSlaveID    0x08003049   0x2a  Code  Gb  mbfuncother.o [1]
eMBFuncWriteCoil        0x0800206b   0x82  Code  Gb  mbfunccoils.o [1]
eMBFuncWriteHoldingRegister
                        0x08001b79   0x4e  Code  Gb  mbfuncholding.o [1]
eMBFuncWriteMultipleCoils
                        0x080020ed   0xa4  Code  Gb  mbfunccoils.o [1]
eMBFuncWriteMultipleHoldingRegister
                        0x08001bc7   0x86  Code  Gb  mbfuncholding.o [1]
eMBInit                 0x08001461  0x114  Code  Gb  mb.o [1]
eMBPoll                 0x08001599  0x11e  Code  Gb  mb.o [1]
eMBRTUInit              0x08001899   0x5c  Code  Gb  mbrtu.o [1]
eMBRTUReceive           0x08001923   0x4e  Code  Gb  mbrtu.o [1]
eMBRTUSend              0x08001971   0x88  Code  Gb  mbrtu.o [1]
eMBRTUStart             0x080018f5   0x1a  Code  Gb  mbrtu.o [1]
eMBRTUStop              0x0800190f   0x14  Code  Gb  mbrtu.o [1]
eMBRegCoilsCB           0x08001ed9    0xa  Code  Gb  portCB.o [1]
eMBRegDiscreteCB        0x08001ee3    0x6  Code  Gb  portCB.o [1]
eMBRegHoldingCB         0x08001e05   0x84  Code  Gb  portCB.o [1]
eMBRegInputCB           0x08001e89   0x50  Code  Gb  portCB.o [1]
eMBState                0x20000252    0x1  Data  Lc  mb.o [1]
eQueuedEvent            0x2000109e    0x1  Data  Lc  portevent.o [1]
eRcvState               0x20001099    0x1  Data  Lc  mbascii.o [1]
eRcvState               0x2000109d    0x1  Data  Lc  mbrtu.o [1]
eReadMBRegHolding       0x08001f2d   0x46  Code  Gb  portCB.o [1]
eSndState               0x20001098    0x1  Data  Lc  mbascii.o [1]
eSndState               0x2000109c    0x1  Data  Lc  mbrtu.o [1]
eWriteMBRegInput        0x08001ee9   0x44  Code  Gb  portCB.o [1]
exit                    0x08003167    0x4  Code  Gb  exit.o [3]
fac_ms                  0x20001080    0x2  Data  Lc  delay.o [1]
fac_us                  0x20001092    0x1  Data  Lc  delay.o [1]
init                    0x08002f51    0xc  Code  Gb  init.o [1]
main                    0x080030a9   0x28  Code  Gb  main.o [1]
peMBFrameReceiveCur     0x2000105c    0x4  Data  Lc  mb.o [1]
peMBFrameSendCur        0x20001050    0x4  Data  Lc  mb.o [1]
prveMBError2Exception   0x08001f7d   0x2e  Code  Gb  mbutils.o [1]
prvucMBBIN2CHAR         0x080008ef   0x28  Code  Lc  mbascii.o [1]
prvucMBCHAR2BIN         0x080008c1   0x2e  Code  Lc  mbascii.o [1]
prvucMBLRC              0x08000917   0x1e  Code  Lc  mbascii.o [1]
prvvTIMERExpiredISR     0x08000b15    0xa  Code  Lc  porttimer.o [1]
prvvUARTRxISR           0x080009e1    0xa  Code  Lc  portserial.o [1]
prvvUARTTxReadyISR      0x080009d7    0xa  Code  Lc  portserial.o [1]
pucSndBufferCur         0x20001074    0x4  Data  Lc  mbascii.o [1]
pucSndBufferCur         0x20001078    0x4  Data  Lc  mbrtu.o [1]
pvMBFrameCloseCur       0x20001060    0x4  Data  Lc  mb.o [1]
pvMBFrameStartCur       0x20001054    0x4  Data  Lc  mb.o [1]
pvMBFrameStopCur        0x20001058    0x4  Data  Lc  mb.o [1]
pxMBFrameCBByteReceived
                        0x20001064    0x4  Data  Gb  mb.o [1]
pxMBFrameCBTransmitterEmpty
                        0x20001068    0x4  Data  Gb  mb.o [1]
pxMBPortCBTimerExpired  0x2000106c    0x4  Data  Gb  mb.o [1]
slave_addr              0x2000108f    0x1  Data  Gb  BootApp_Init.o [1]
ucASCIIBuf              0x20000244    0x4  Data  Lc  mbascii.o [1]
ucMBAddress             0x20001093    0x1  Data  Lc  mb.o [1]
ucMBLFCharacter         0x2000109b    0x1  Data  Lc  mbascii.o [1]
ucMBSlaveID             0x20001014   0x20  Data  Lc  mbfuncother.o [1]
ucRTUBuf                0x20000f14  0x100  Data  Gb  mbrtu.o [1]
usMBCRC16               0x08001b35   0x44  Code  Gb  mbcrc.o [1]
usMBSlaveIDLen          0x20001088    0x2  Data  Lc  mbfuncother.o [1]
usRcvBufferPos          0x20001084    0x2  Data  Lc  mbascii.o [1]
usRcvBufferPos          0x2000108c    0x2  Data  Lc  mbrtu.o [1]
usRegHoldingBuf         0x20000c14  0x200  Data  Gb  portCB.o [1]
usRegInputBuf           0x20000000  0x100  Data  Gb  portCB.o [1]
usSndBufferCount        0x20001086    0x2  Data  Lc  mbascii.o [1]
usSndBufferCount        0x2000108a    0x2  Data  Lc  mbrtu.o [1]
vMBPortSerialEnable     0x08000949   0x66  Code  Gb  portserial.o [1]
vMBPortTimersDelay      0x08000b13    0x2  Code  Gb  porttimer.o [1]
vMBPortTimersDisable    0x08000aed   0x26  Code  Gb  porttimer.o [1]
vMBPortTimersEnable     0x08000ac7   0x26  Code  Gb  porttimer.o [1]
xEventInQueue           0x2000109f    0x1  Data  Lc  portevent.o [1]
xFuncHandlers           0x20000190   0x80  Data  Lc  mb.o [1]
xMBASCIIReceiveFSM      0x08000687  0x116  Code  Gb  mbascii.o [1]
xMBASCIITimerT1SExpired
                        0x08000885   0x1c  Code  Gb  mbascii.o [1]
xMBASCIITransmitFSM     0x0800079d   0xe8  Code  Gb  mbascii.o [1]
xMBPortEventGet         0x08000b63   0x20  Code  Gb  portevent.o [1]
xMBPortEventInit        0x08000b49    0xa  Code  Gb  portevent.o [1]
xMBPortEventPost        0x08000b53   0x10  Code  Gb  portevent.o [1]
xMBPortSerialGetByte    0x080009c5   0x12  Code  Gb  portserial.o [1]
xMBPortSerialInit       0x08000935   0x14  Code  Gb  portserial.o [1]
xMBPortSerialPutByte    0x080009af   0x16  Code  Gb  portserial.o [1]
xMBPortTimersInit       0x08000a3d   0x8a  Code  Gb  porttimer.o [1]
xMBRTUReceiveFSM        0x080019f9   0x80  Code  Gb  mbrtu.o [1]
xMBRTUTimerT35Expired   0x08001ad9   0x3c  Code  Gb  mbrtu.o [1]
xMBRTUTransmitFSM       0x08001a79   0x60  Code  Gb  mbrtu.o [1]


[1] = F:\FLT\GitHub\TestEng_BootLoader\TestEng_BootLoader\Boot\BootPrj\BootOutput\Obj
[2] = command line
[3] = dl7M_tln.a
[4] = rt7M_tl.a
[5] = shb_l.a

  12 306 bytes of readonly  code memory
     910 bytes of readonly  data memory
   6 304 bytes of readwrite data memory

Errors: none
Warnings: none
