###############################################################################
#
# IAR ELF Linker V7.20.2.7424/W32 for ARM                 09/Jun/2019  22:15:06
# Copyright 2007-2014 IAR Systems AB.
#
#    Output file  =  
#        F:\FLT\GitHub\TestEng_BootLoader\TestEng_BootLoader\Boot\BootPrj\BootOutput\Exe\Project.out
#    Map file     =  
#        F:\FLT\GitHub\TestEng_BootLoader\TestEng_BootLoader\Boot\BootPrj\BootOutput\List\Project.map
#    Command line =  
#        F:\FLT\GitHub\TestEng_BootLoader\TestEng_BootLoader\Boot\BootPrj\BootOutput\Obj\BootApp_Cfg.o
#        F:\FLT\GitHub\TestEng_BootLoader\TestEng_BootLoader\Boot\BootPrj\BootOutput\Obj\BootApp_Cfg_Debug.o
#        F:\FLT\GitHub\TestEng_BootLoader\TestEng_BootLoader\Boot\BootPrj\BootOutput\Obj\BootApp_Cfg_FL0001A00.o
#        F:\FLT\GitHub\TestEng_BootLoader\TestEng_BootLoader\Boot\BootPrj\BootOutput\Obj\BootApp_Cfg_FLT804A00.o
#        F:\FLT\GitHub\TestEng_BootLoader\TestEng_BootLoader\Boot\BootPrj\BootOutput\Obj\BootApp_EreaseApp.o
#        F:\FLT\GitHub\TestEng_BootLoader\TestEng_BootLoader\Boot\BootPrj\BootOutput\Obj\BootApp_ErrHdlr.o
#        F:\FLT\GitHub\TestEng_BootLoader\TestEng_BootLoader\Boot\BootPrj\BootOutput\Obj\BootApp_HandleCmd.o
#        F:\FLT\GitHub\TestEng_BootLoader\TestEng_BootLoader\Boot\BootPrj\BootOutput\Obj\BootApp_Init.o
#        F:\FLT\GitHub\TestEng_BootLoader\TestEng_BootLoader\Boot\BootPrj\BootOutput\Obj\BootApp_IoFunctions.o
#        F:\FLT\GitHub\TestEng_BootLoader\TestEng_BootLoader\Boot\BootPrj\BootOutput\Obj\BootApp_Jump2App.o
#        F:\FLT\GitHub\TestEng_BootLoader\TestEng_BootLoader\Boot\BootPrj\BootOutput\Obj\BootApp_ProgramFlash.o
#        F:\FLT\GitHub\TestEng_BootLoader\TestEng_BootLoader\Boot\BootPrj\BootOutput\Obj\BootApp_ReceiveData.o
#        F:\FLT\GitHub\TestEng_BootLoader\TestEng_BootLoader\Boot\BootPrj\BootOutput\Obj\BootApp_Reset.o
#        F:\FLT\GitHub\TestEng_BootLoader\TestEng_BootLoader\Boot\BootPrj\BootOutput\Obj\BootApp_StateMachine.o
#        F:\FLT\GitHub\TestEng_BootLoader\TestEng_BootLoader\Boot\BootPrj\BootOutput\Obj\BootApp_ValidateApp.o
#        F:\FLT\GitHub\TestEng_BootLoader\TestEng_BootLoader\Boot\BootPrj\BootOutput\Obj\BootDrv_Adapter.o
#        F:\FLT\GitHub\TestEng_BootLoader\TestEng_BootLoader\Boot\BootPrj\BootOutput\Obj\delay.o
#        F:\FLT\GitHub\TestEng_BootLoader\TestEng_BootLoader\Boot\BootPrj\BootOutput\Obj\init.o
#        F:\FLT\GitHub\TestEng_BootLoader\TestEng_BootLoader\Boot\BootPrj\BootOutput\Obj\main.o
#        F:\FLT\GitHub\TestEng_BootLoader\TestEng_BootLoader\Boot\BootPrj\BootOutput\Obj\mb.o
#        F:\FLT\GitHub\TestEng_BootLoader\TestEng_BootLoader\Boot\BootPrj\BootOutput\Obj\mbascii.o
#        F:\FLT\GitHub\TestEng_BootLoader\TestEng_BootLoader\Boot\BootPrj\BootOutput\Obj\mbcrc.o
#        F:\FLT\GitHub\TestEng_BootLoader\TestEng_BootLoader\Boot\BootPrj\BootOutput\Obj\mbfunccoils.o
#        F:\FLT\GitHub\TestEng_BootLoader\TestEng_BootLoader\Boot\BootPrj\BootOutput\Obj\mbfuncdiag.o
#        F:\FLT\GitHub\TestEng_BootLoader\TestEng_BootLoader\Boot\BootPrj\BootOutput\Obj\mbfuncdisc.o
#        F:\FLT\GitHub\TestEng_BootLoader\TestEng_BootLoader\Boot\BootPrj\BootOutput\Obj\mbfuncholding.o
#        F:\FLT\GitHub\TestEng_BootLoader\TestEng_BootLoader\Boot\BootPrj\BootOutput\Obj\mbfuncinput.o
#        F:\FLT\GitHub\TestEng_BootLoader\TestEng_BootLoader\Boot\BootPrj\BootOutput\Obj\mbfuncother.o
#        F:\FLT\GitHub\TestEng_BootLoader\TestEng_BootLoader\Boot\BootPrj\BootOutput\Obj\mbrtu.o
#        F:\FLT\GitHub\TestEng_BootLoader\TestEng_BootLoader\Boot\BootPrj\BootOutput\Obj\mbtcp.o
#        F:\FLT\GitHub\TestEng_BootLoader\TestEng_BootLoader\Boot\BootPrj\BootOutput\Obj\mbutils.o
#        F:\FLT\GitHub\TestEng_BootLoader\TestEng_BootLoader\Boot\BootPrj\BootOutput\Obj\misc.o
#        F:\FLT\GitHub\TestEng_BootLoader\TestEng_BootLoader\Boot\BootPrj\BootOutput\Obj\portCB.o
#        F:\FLT\GitHub\TestEng_BootLoader\TestEng_BootLoader\Boot\BootPrj\BootOutput\Obj\portevent.o
#        F:\FLT\GitHub\TestEng_BootLoader\TestEng_BootLoader\Boot\BootPrj\BootOutput\Obj\portserial.o
#        F:\FLT\GitHub\TestEng_BootLoader\TestEng_BootLoader\Boot\BootPrj\BootOutput\Obj\porttimer.o
#        F:\FLT\GitHub\TestEng_BootLoader\TestEng_BootLoader\Boot\BootPrj\BootOutput\Obj\startup_stm32f10x_md.o
#        F:\FLT\GitHub\TestEng_BootLoader\TestEng_BootLoader\Boot\BootPrj\BootOutput\Obj\stm32f10x_adc.o
#        F:\FLT\GitHub\TestEng_BootLoader\TestEng_BootLoader\Boot\BootPrj\BootOutput\Obj\stm32f10x_bkp.o
#        F:\FLT\GitHub\TestEng_BootLoader\TestEng_BootLoader\Boot\BootPrj\BootOutput\Obj\stm32f10x_can.o
#        F:\FLT\GitHub\TestEng_BootLoader\TestEng_BootLoader\Boot\BootPrj\BootOutput\Obj\stm32f10x_cec.o
#        F:\FLT\GitHub\TestEng_BootLoader\TestEng_BootLoader\Boot\BootPrj\BootOutput\Obj\stm32f10x_crc.o
#        F:\FLT\GitHub\TestEng_BootLoader\TestEng_BootLoader\Boot\BootPrj\BootOutput\Obj\stm32f10x_dac.o
#        F:\FLT\GitHub\TestEng_BootLoader\TestEng_BootLoader\Boot\BootPrj\BootOutput\Obj\stm32f10x_dbgmcu.o
#        F:\FLT\GitHub\TestEng_BootLoader\TestEng_BootLoader\Boot\BootPrj\BootOutput\Obj\stm32f10x_dma.o
#        F:\FLT\GitHub\TestEng_BootLoader\TestEng_BootLoader\Boot\BootPrj\BootOutput\Obj\stm32f10x_exti.o
#        F:\FLT\GitHub\TestEng_BootLoader\TestEng_BootLoader\Boot\BootPrj\BootOutput\Obj\stm32f10x_flash.o
#        F:\FLT\GitHub\TestEng_BootLoader\TestEng_BootLoader\Boot\BootPrj\BootOutput\Obj\stm32f10x_fsmc.o
#        F:\FLT\GitHub\TestEng_BootLoader\TestEng_BootLoader\Boot\BootPrj\BootOutput\Obj\stm32f10x_gpio.o
#        F:\FLT\GitHub\TestEng_BootLoader\TestEng_BootLoader\Boot\BootPrj\BootOutput\Obj\stm32f10x_i2c.o
#        F:\FLT\GitHub\TestEng_BootLoader\TestEng_BootLoader\Boot\BootPrj\BootOutput\Obj\stm32f10x_it.o
#        F:\FLT\GitHub\TestEng_BootLoader\TestEng_BootLoader\Boot\BootPrj\BootOutput\Obj\stm32f10x_iwdg.o
#        F:\FLT\GitHub\TestEng_BootLoader\TestEng_BootLoader\Boot\BootPrj\BootOutput\Obj\stm32f10x_pwr.o
#        F:\FLT\GitHub\TestEng_BootLoader\TestEng_BootLoader\Boot\BootPrj\BootOutput\Obj\stm32f10x_rcc.o
#        F:\FLT\GitHub\TestEng_BootLoader\TestEng_BootLoader\Boot\BootPrj\BootOutput\Obj\stm32f10x_rtc.o
#        F:\FLT\GitHub\TestEng_BootLoader\TestEng_BootLoader\Boot\BootPrj\BootOutput\Obj\stm32f10x_sdio.o
#        F:\FLT\GitHub\TestEng_BootLoader\TestEng_BootLoader\Boot\BootPrj\BootOutput\Obj\stm32f10x_spi.o
#        F:\FLT\GitHub\TestEng_BootLoader\TestEng_BootLoader\Boot\BootPrj\BootOutput\Obj\stm32f10x_tim.o
#        F:\FLT\GitHub\TestEng_BootLoader\TestEng_BootLoader\Boot\BootPrj\BootOutput\Obj\stm32f10x_usart.o
#        F:\FLT\GitHub\TestEng_BootLoader\TestEng_BootLoader\Boot\BootPrj\BootOutput\Obj\stm32f10x_wwdg.o
#        F:\FLT\GitHub\TestEng_BootLoader\TestEng_BootLoader\Boot\BootPrj\BootOutput\Obj\system_stm32f10x.o
#        -o
#        F:\FLT\GitHub\TestEng_BootLoader\TestEng_BootLoader\Boot\BootPrj\BootOutput\Exe\Project.out
#        --map
#        F:\FLT\GitHub\TestEng_BootLoader\TestEng_BootLoader\Boot\BootPrj\BootOutput\List\Project.map
#        --config
#        F:\FLT\GitHub\TestEng_BootLoader\TestEng_BootLoader\Boot\BootPrj\..\..\Libraries\stm32f10x_flash.icf
#        --semihosting --entry __iar_program_start --vfe
#
###############################################################################

*******************************************************************************
*** RUNTIME MODEL ATTRIBUTES
***

CppFlavor       = *
__SystemLibrary = DLib


*******************************************************************************
*** PLACEMENT SUMMARY
***

"A1":  place at 0x08000000 { ro section .intvec };
"P1":  place in [from 0x08000000 to 0x0800bfff] { ro };
"P2":  place in [from 0x20000000 to 0x20004fff] { rw, block CSTACK, block HEAP };

  Section            Kind        Address    Size  Object
  -------            ----        -------    ----  ------
"A1":                                       0xec
  .intvec            ro code  0x08000000    0xec  startup_stm32f10x_md.o [1]
                            - 0x080000ec    0xec

"P1":                                     0x3280
  .text              ro code  0x080000ec   0x404  BootApp_ReceiveData.o [1]
  .text              ro code  0x080004f0     0x6  ABImemclr4.o [4]
  .text              ro code  0x080004f6    0x22  zero_init3.o [4]
  .text              ro code  0x08000518    0x32  ABImemset48.o [4]
  .text              ro code  0x0800054c   0x3e8  mbascii.o [1]
  .text              ro code  0x08000934    0xf4  portserial.o [1]
  .text              ro code  0x08000a28   0x10c  porttimer.o [1]
  .text              ro code  0x08000b34    0x44  portevent.o [1]
  .text              ro code  0x08000b78   0x1c0  BootApp_Init.o [1]
  .text              ro code  0x08000d38   0x17e  BootApp_IoFunctions.o [1]
  .text              ro code  0x08000eb8   0x1dc  stm32f10x_usart.o [1]
  .text              ro code  0x08001094    0x74  delay.o [1]
  .text              ro code  0x08001108   0x134  stm32f10x_rcc.o [1]
  .text              ro code  0x0800123c   0x150  stm32f10x_tim.o [1]
  .text              ro code  0x0800138c    0xac  misc.o [1]
  .text              ro code  0x08001438   0x2d4  mb.o [1]
  .text              ro code  0x0800170c    0x76  ABImemcpy_unaligned.o [4]
  .text              ro code  0x08001784   0x162  stm32f10x_gpio.o [1]
  .text              ro code  0x080018e8   0x29c  mbrtu.o [1]
  .text              ro code  0x08001b84    0x44  mbcrc.o [1]
  .text              ro code  0x08001bc8   0x28a  mbfuncholding.o [1]
  .text              ro code  0x08001e54   0x178  portCB.o [1]
  .text              ro code  0x08001fcc    0x2e  mbutils.o [1]
  .text              ro code  0x08001ffa   0x1e6  mbfunccoils.o [1]
  .text              ro code  0x080021e0   0x1e4  BootApp_ProgramFlash.o [1]
  .text              ro code  0x080023c4    0xf8  BootDrv_Adapter.o [1]
  .text              ro code  0x080024bc   0x182  stm32f10x_flash.o [1]
  .text              ro code  0x08002640   0x1c2  BootApp_StateMachine.o [1]
  .text              ro code  0x08002804    0x44  BootApp_HandleCmd.o [1]
  .text              ro code  0x08002848     0x2  BootApp_ErrHdlr.o [1]
  .text              ro code  0x0800284c    0x50  BootApp_EreaseApp.o [1]
  .text              ro code  0x0800289c    0x3c  BootApp_Reset.o [1]
  .text              ro code  0x080028d8   0x108  BootApp_ValidateApp.o [1]
  .text              ro code  0x080029e0     0xc  BootApp_Jump2App.o [1]
  .text              ro code  0x080029ec   0x158  system_stm32f10x.o [1]
  .rodata            const    0x08002b44   0x100  mbcrc.o [1]
  .rodata            const    0x08002c44   0x100  mbcrc.o [1]
  .text              ro code  0x08002d44    0xd2  packbits_init.o [4]
  .text              ro code  0x08002e16     0x6  abort.o [3]
  .text              ro code  0x08002e1c    0x14  exit.o [5]
  .text              ro code  0x08002e30    0xbe  mbfuncdisc.o [1]
  .text              ro code  0x08002eee    0xa2  mbfuncinput.o [1]
  .rodata            const    0x08002f90    0x90  BootApp_Cfg_FL0001A00.o [1]
  .text              ro code  0x08003020    0x80  init.o [1]
  .text              ro code  0x080030a0    0x34  mbfuncother.o [1]
  .text              ro code  0x080030d4    0x2a  stm32f10x_it.o [1]
  .text              ro code  0x08003100    0x28  main.o [1]
  .text              ro code  0x08003128    0x28  data_init.o [4]
  .rodata            const    0x08003150    0x24  BootApp_ReceiveData.o [1]
  .iar.init_table    const    0x08003174    0x2c  - Linker created -
  .text              ro code  0x080031a0    0x1a  cmain.o [4]
  .text              ro code  0x080031ba     0x4  low_level_init.o [3]
  .text              ro code  0x080031be     0x4  exit.o [3]
  .text              ro code  0x080031c4     0xa  cexit.o [4]
  .rodata            const    0x080031d0    0x14  BootApp_Cfg_FL0001A00.o [1]
  .rodata            const    0x080031e4    0x10  BootApp_Cfg.o [1]
  .text              ro code  0x080031f4    0x10  startup_stm32f10x_md.o [1]
  .text              ro code  0x08003204     0xc  cstartup_M.o [4]
  .rodata            const    0x08003210     0x8  BootApp_Cfg.o [1]
  .rodata            const    0x08003218     0x8  BootApp_Cfg.o [1]
  .rodata            const    0x08003220     0x4  BootApp_Cfg.o [1]
  .text              ro code  0x08003224     0x4  startup_stm32f10x_md.o [1]
  .text              ro code  0x08003228     0x4  startup_stm32f10x_md.o [1]
  .text              ro code  0x0800322c     0x4  startup_stm32f10x_md.o [1]
  .text              ro code  0x08003230     0x4  startup_stm32f10x_md.o [1]
  .text              ro code  0x08003234     0x4  startup_stm32f10x_md.o [1]
  .text              ro code  0x08003238     0x4  startup_stm32f10x_md.o [1]
  .text              ro code  0x0800323c     0x4  startup_stm32f10x_md.o [1]
  .text              ro code  0x08003240     0x4  startup_stm32f10x_md.o [1]
  .text              ro code  0x08003244     0x4  startup_stm32f10x_md.o [1]
  .text              ro code  0x08003248     0x4  startup_stm32f10x_md.o [1]
  .text              ro code  0x0800324c     0x4  startup_stm32f10x_md.o [1]
  .text              ro code  0x08003250     0x4  startup_stm32f10x_md.o [1]
  .text              ro code  0x08003254     0x4  startup_stm32f10x_md.o [1]
  .text              ro code  0x08003258     0x4  startup_stm32f10x_md.o [1]
  .text              ro code  0x0800325c     0x4  startup_stm32f10x_md.o [1]
  .text              ro code  0x08003260     0x4  startup_stm32f10x_md.o [1]
  .text              ro code  0x08003264     0x4  startup_stm32f10x_md.o [1]
  .text              ro code  0x08003268     0x4  startup_stm32f10x_md.o [1]
  .text              ro code  0x0800326c     0x4  startup_stm32f10x_md.o [1]
  .text              ro code  0x08003270     0x4  startup_stm32f10x_md.o [1]
  .text              ro code  0x08003274     0x4  startup_stm32f10x_md.o [1]
  .text              ro code  0x08003278     0x4  startup_stm32f10x_md.o [1]
  .text              ro code  0x0800327c     0x4  startup_stm32f10x_md.o [1]
  .text              ro code  0x08003280     0x4  startup_stm32f10x_md.o [1]
  .text              ro code  0x08003284     0x4  startup_stm32f10x_md.o [1]
  .text              ro code  0x08003288     0x4  startup_stm32f10x_md.o [1]
  .text              ro code  0x0800328c     0x4  startup_stm32f10x_md.o [1]
  .text              ro code  0x08003290     0x4  startup_stm32f10x_md.o [1]
  .text              ro code  0x08003294     0x4  startup_stm32f10x_md.o [1]
  .text              ro code  0x08003298     0x4  startup_stm32f10x_md.o [1]
  .text              ro code  0x0800329c     0x4  startup_stm32f10x_md.o [1]
  .text              ro code  0x080032a0     0x4  startup_stm32f10x_md.o [1]
  .text              ro code  0x080032a4     0x4  startup_stm32f10x_md.o [1]
  .text              ro code  0x080032a8     0x4  startup_stm32f10x_md.o [1]
  .text              ro code  0x080032ac     0x4  startup_stm32f10x_md.o [1]
  .text              ro code  0x080032b0     0x4  startup_stm32f10x_md.o [1]
  .text              ro code  0x080032b4     0x4  startup_stm32f10x_md.o [1]
  .text              ro code  0x080032b8     0x4  startup_stm32f10x_md.o [1]
  .text              ro code  0x080032bc     0x4  startup_stm32f10x_md.o [1]
  .text              ro code  0x080032c0     0x4  startup_stm32f10x_md.o [1]
  .text              ro code  0x080032c4     0x4  startup_stm32f10x_md.o [1]
  .text              ro code  0x080032c8     0x4  startup_stm32f10x_md.o [1]
  .text              ro code  0x080032cc     0x4  startup_stm32f10x_md.o [1]
  .text              ro code  0x080032d0     0x4  startup_stm32f10x_md.o [1]
  .text              ro code  0x080032d4     0x4  startup_stm32f10x_md.o [1]
  .text              ro code  0x080032d8     0x4  startup_stm32f10x_md.o [1]
  .text              ro code  0x080032dc     0x4  startup_stm32f10x_md.o [1]
  .text              ro code  0x080032e0     0x4  startup_stm32f10x_md.o [1]
  .text              ro code  0x080032e4     0x4  startup_stm32f10x_md.o [1]
  .text              ro code  0x080032e8     0x4  startup_stm32f10x_md.o [1]
  .text              ro code  0x080032ec     0x4  startup_stm32f10x_md.o [1]
  .text              ro code  0x080032f0     0x4  startup_stm32f10x_md.o [1]
  .rodata            const    0x080032f4     0x0  zero_init3.o [4]
  .rodata            const    0x080032f4     0x0  packbits_init.o [4]
  Initializer bytes  ro data  0x080032f4    0x78  <for P2 s0>
                            - 0x0800336c  0x3280

"P2":                                     0x1808
  P2 s0                       0x20000000   0x19f  <Init block>
    .data            inited   0x20000000   0x100  portCB.o [1]
    .data            inited   0x20000100    0x80  mb.o [1]
    .data            inited   0x20000180    0x10  stm32f10x_rcc.o [1]
    .data            inited   0x20000190     0x4  mbascii.o [1]
    .data            inited   0x20000194     0x4  stm32f10x_rcc.o [1]
    .data            inited   0x20000198     0x4  system_stm32f10x.o [1]
    .data            inited   0x2000019c     0x2  BootApp_ValidateApp.o [1]
    .data            inited   0x2000019e     0x1  mb.o [1]
  .bss               zero     0x200001a0   0x400  BootApp_ReceiveData.o [1]
  .bss               zero     0x200005a0   0x3c0  BootApp_ProgramFlash.o [1]
  .bss               zero     0x20000960   0x200  BootApp_HandleCmd.o [1]
  .bss               zero     0x20000b60   0x200  portCB.o [1]
  .bss               zero     0x20000d60   0x100  BootApp_HandleCmd.o [1]
  .bss               zero     0x20000e60   0x100  mbrtu.o [1]
  .bss               zero     0x20000f60    0x20  mbfuncother.o [1]
  .bss               zero     0x20000f80    0x1c  portserial.o [1]
  .bss               zero     0x20000f9c    0x18  BootApp_ReceiveData.o [1]
  .bss               zero     0x20000fb4     0x4  BootApp_ReceiveData.o [1]
  .bss               zero     0x20000fb8     0x4  mb.o [1]
  .bss               zero     0x20000fbc     0x4  mb.o [1]
  .bss               zero     0x20000fc0     0x4  mb.o [1]
  .bss               zero     0x20000fc4     0x4  mb.o [1]
  .bss               zero     0x20000fc8     0x4  mb.o [1]
  .bss               zero     0x20000fcc     0x4  mb.o [1]
  .bss               zero     0x20000fd0     0x4  mb.o [1]
  .bss               zero     0x20000fd4     0x4  mb.o [1]
  .bss               zero     0x20000fd8     0x4  mb.o [1]
  .bss               zero     0x20000fdc     0x4  mbascii.o [1]
  .bss               zero     0x20000fe0     0x4  mbrtu.o [1]
  .bss               zero     0x20000fe4     0x2  delay.o [1]
  .bss               zero     0x20000fe6     0x2  mb.o [1]
  .bss               zero     0x20000fe8     0x2  mbascii.o [1]
  .bss               zero     0x20000fea     0x2  mbascii.o [1]
  .bss               zero     0x20000fec     0x2  mbfuncother.o [1]
  .bss               zero     0x20000fee     0x2  mbrtu.o [1]
  .bss               zero     0x20000ff0     0x2  mbrtu.o [1]
  .bss               zero     0x20000ff2     0x1  BootApp_Init.o [1]
  .bss               zero     0x20000ff3     0x1  BootApp_Init.o [1]
  .bss               zero     0x20000ff4     0x1  BootApp_Reset.o [1]
  .bss               zero     0x20000ff5     0x1  BootApp_StateMachine.o [1]
  .bss               zero     0x20000ff6     0x1  delay.o [1]
  .bss               zero     0x20000ff7     0x1  mb.o [1]
  .bss               zero     0x20000ff8     0x1  mb.o [1]
  .bss               zero     0x20000ff9     0x1  mb.o [1]
  .bss               zero     0x20000ffa     0x1  mb.o [1]
  .bss               zero     0x20000ffb     0x1  mb.o [1]
  .bss               zero     0x20000ffc     0x1  mbascii.o [1]
  .bss               zero     0x20000ffd     0x1  mbascii.o [1]
  .bss               zero     0x20000ffe     0x1  mbascii.o [1]
  .bss               zero     0x20000fff     0x1  mbascii.o [1]
  .bss               zero     0x20001000     0x1  mbrtu.o [1]
  .bss               zero     0x20001001     0x1  mbrtu.o [1]
  .bss               zero     0x20001002     0x1  portevent.o [1]
  .bss               zero     0x20001003     0x1  portevent.o [1]
  CSTACK                      0x20001008   0x800  <Block>
    CSTACK           uninit   0x20001008   0x800  <Block tail>
                            - 0x20001808  0x1808


*******************************************************************************
*** INIT TABLE
***

          Address     Size
          -------     ----
Zero (__iar_zero_init3)
    1 destination range, total size 0xe64:
          0x200001a0  0xe64

Copy/packbits (__iar_packbits_init3)
    1 source range, total size 0x78 (28% of destination):
          0x080032f4   0x78
    1 destination range, total size 0x19f:
          0x20000000  0x19f



*******************************************************************************
*** MODULE SUMMARY
***

    Module                   ro code  ro data  rw data
    ------                   -------  -------  -------
F:\FLT\GitHub\TestEng_BootLoader\TestEng_BootLoader\Boot\BootPrj\BootOutput\Obj: [1]
    BootApp_Cfg.o                          36
    BootApp_Cfg_FL0001A00.o               164
    BootApp_EreaseApp.o           80
    BootApp_ErrHdlr.o              2
    BootApp_HandleCmd.o           68               768
    BootApp_Init.o               448                 2
    BootApp_IoFunctions.o        382
    BootApp_Jump2App.o            12
    BootApp_ProgramFlash.o       484               960
    BootApp_ReceiveData.o      1 028       36    1 052
    BootApp_Reset.o               60                 1
    BootApp_StateMachine.o       450                 1
    BootApp_ValidateApp.o        264                 2
    BootDrv_Adapter.o            248
    delay.o                      116                 3
    init.o                       128
    main.o                        40
    mb.o                         724       38      172
    mbascii.o                  1 000        1       16
    mbcrc.o                       68      512
    mbfunccoils.o                486
    mbfuncdisc.o                 190
    mbfuncholding.o              650
    mbfuncinput.o                162
    mbfuncother.o                 52                34
    mbrtu.o                      668               266
    mbutils.o                     46
    misc.o                       172
    portCB.o                     376       74      768
    portevent.o                   68                 2
    portserial.o                 244                28
    porttimer.o                  268
    startup_stm32f10x_md.o       460
    stm32f10x_flash.o            386
    stm32f10x_gpio.o             354
    stm32f10x_it.o                42
    stm32f10x_rcc.o              308        5       20
    stm32f10x_tim.o              336
    stm32f10x_usart.o            476
    system_stm32f10x.o           344        2        4
    --------------------------------------------------
    Total:                    11 690      868    4 099

command line: [2]
    --------------------------------------------------
    Total:

dl7M_tln.a: [3]
    abort.o                        6
    exit.o                         4
    low_level_init.o               4
    --------------------------------------------------
    Total:                        14

rt7M_tl.a: [4]
    ABImemclr4.o                   6
    ABImemcpy_unaligned.o        118
    ABImemset48.o                 50
    cexit.o                       10
    cmain.o                       26
    cstartup_M.o                  12
    data_init.o                   40
    packbits_init.o              210
    zero_init3.o                  34
    --------------------------------------------------
    Total:                       506

shb_l.a: [5]
    exit.o                        20
    --------------------------------------------------
    Total:                        20

    Gaps                          20        2        1
    Linker created                         44    2 048
------------------------------------------------------
    Grand Total:              12 250      914    6 148


*******************************************************************************
*** ENTRY LIST
***

Entry                      Address   Size  Type      Object
-----                      -------   ----  ----      ------
?main                   0x080031a1         Code  Gb  cmain.o [4]
ADCPrescTable           0x20000194    0x4  Data  Lc  stm32f10x_rcc.o [1]
APBAHBPrescTable        0x20000180   0x10  Data  Lc  stm32f10x_rcc.o [1]
BootApp_App_Cfg_cpcst   0x08003220    0x4  Data  Gb  BootApp_Cfg.o [1]
BootApp_App_Cfg_cst     0x080031e4   0x10  Data  Gb  BootApp_Cfg.o [1]
BootApp_App_GpioPin_cast
                        0x08002f90   0x90  Data  Gb  BootApp_Cfg_FL0001A00.o [1]
BootApp_App_Valid_en    0x2000019c    0x2  Data  Gb  BootApp_ValidateApp.o [1]
BootApp_CommunicationBuffer_un
                        0x20000960  0x200  Data  Gb  BootApp_HandleCmd.o [1]
BootApp_CopyFromMb      0x0800281d   0x10  Code  Lc  BootApp_HandleCmd.o [1]
BootApp_Disable_usart_rx
                        0x08000e7f    0xe  Code  Gb  BootApp_IoFunctions.o [1]
BootApp_Disable_usart_tx
                        0x08000e9b    0xe  Code  Gb  BootApp_IoFunctions.o [1]
BootApp_Enable_ReceiveData
                        0x080004cb    0x8  Code  Gb  BootApp_ReceiveData.o [1]
BootApp_Enable_usart_rx
                        0x08000e8d    0xe  Code  Gb  BootApp_IoFunctions.o [1]
BootApp_Enable_usart_tx
                        0x08000ea9    0xe  Code  Gb  BootApp_IoFunctions.o [1]
BootApp_Erease_App      0x0800284d   0x50  Code  Gb  BootApp_EreaseApp.o [1]
BootApp_GetApp_init_en  0x20000ff2    0x1  Data  Lc  BootApp_Init.o [1]
BootApp_GetReset_Reason
                        0x0800289d   0x26  Code  Gb  BootApp_Reset.o [1]
BootApp_Get_Cfg_Gpio    0x08000bc7   0x2a  Code  Gb  BootApp_Init.o [1]
BootApp_Get_Cfg_Uart    0x08000bf1   0x2a  Code  Gb  BootApp_Init.o [1]
BootApp_Get_Command     0x08000111   0x14  Code  Gb  BootApp_ReceiveData.o [1]
BootApp_Get_CommunicationBuf
                        0x0800283b    0x6  Code  Gb  BootApp_HandleCmd.o [1]
BootApp_Get_ReceiveData_Info
                        0x080004c5    0x6  Code  Gb  BootApp_ReceiveData.o [1]
BootApp_Get_State       0x08002647    0x6  Code  Gb  BootApp_StateMachine.o [1]
BootApp_Get_Uart        0x08000ced   0x4c  Code  Gb  BootApp_Init.o [1]
BootApp_Get_board_address
                        0x08000df9   0x86  Code  Gb  BootApp_IoFunctions.o [1]
BootApp_Gpio_Init       0x08000c29   0x60  Code  Lc  BootApp_Init.o [1]
BootApp_Gpio_cst        0x08003210    0x8  Data  Gb  BootApp_Cfg.o [1]
BootApp_HandleCmd_Receive
                        0x08002805    0xc  Code  Gb  BootApp_HandleCmd.o [1]
BootApp_HandleCmd_Send  0x08002811    0xc  Code  Gb  BootApp_HandleCmd.o [1]
BootApp_IoFunction      0x08000d39   0xc0  Code  Lc  BootApp_IoFunctions.o [1]
BootApp_Log_Exe_Status  0x08002849    0x2  Code  Gb  BootApp_ErrHdlr.o [1]
BootApp_NewCmd_Received
                        0x080000ed   0x24  Code  Gb  BootApp_ReceiveData.o [1]
BootApp_Prog_init       0x08000b79   0x4e  Code  Gb  BootApp_Init.o [1]
BootApp_Program_Flash   0x080021e1  0x1a6  Code  Gb  BootApp_ProgramFlash.o [1]
BootApp_Program_Flash_Finish
                        0x08002387   0x34  Code  Gb  BootApp_ProgramFlash.o [1]
BootApp_ReceiveData_st  0x20000f9c   0x18  Data  Gb  BootApp_ReceiveData.o [1]
BootApp_Receive_Data    0x080001c9  0x2f4  Code  Gb  BootApp_ReceiveData.o [1]
BootApp_Receive_Data_Finish
                        0x080004bd    0x8  Code  Gb  BootApp_ReceiveData.o [1]
BootApp_Reset_Sys       0x080028c9   0x10  Code  Gb  BootApp_Reset.o [1]
BootApp_Reset_en        0x20000ff4    0x1  Data  Gb  BootApp_Reset.o [1]
BootApp_Run_App         0x080029e1    0xc  Code  Gb  BootApp_Jump2App.o [1]
BootApp_SectBuffer_Read
                        0x08000177   0x52  Code  Gb  BootApp_ReceiveData.o [1]
BootApp_SectBuffer_Write
                        0x08000125   0x52  Code  Gb  BootApp_ReceiveData.o [1]
BootApp_SectBuffer_en   0x200001a0  0x400  Data  Gb  BootApp_ReceiveData.o [1]
BootApp_Sect_Dirty_Msk_au16
                        0x08003150   0x24  Data  Gb  BootApp_ReceiveData.o [1]
BootApp_SendToMb        0x0800282d    0xe  Code  Lc  BootApp_HandleCmd.o [1]
BootApp_Set_State       0x08002641    0x6  Code  Gb  BootApp_StateMachine.o [1]
BootApp_StateMachine    0x08002651  0x176  Code  Gb  BootApp_StateMachine.o [1]
BootApp_State_Init_Act  0x080027c7   0x3c  Code  Gb  BootApp_StateMachine.o [1]
BootApp_State_en        0x20000ff5    0x1  Data  Gb  BootApp_StateMachine.o [1]
BootApp_UartPort_cast   0x080031d0   0x14  Data  Gb  BootApp_Cfg_FL0001A00.o [1]
BootApp_Uart_Init       0x08000c89   0x64  Code  Lc  BootApp_Init.o [1]
BootApp_Uart_cst        0x08003218    0x8  Data  Gb  BootApp_Cfg.o [1]
BootApp_Validate_App    0x080028d9   0x3e  Code  Gb  BootApp_ValidateApp.o [1]
BootApp_Validate_Info   0x08002917   0xb0  Code  Lc  BootApp_ValidateApp.o [1]
BootApp_WriteData_ast   0x200005a0  0x3c0  Data  Gb  BootApp_ProgramFlash.o [1]
BootDrv_EreaseFlash     0x080023ed   0x46  Code  Gb  BootDrv_Adapter.o [1]
BootDrv_ProgramFlash    0x08002433   0x7a  Code  Gb  BootDrv_Adapter.o [1]
BootDrv_Reset           0x080023df    0xe  Code  Gb  BootDrv_Adapter.o [1]
BusFault_Handler        0x080030ed    0x2  Code  Gb  stm32f10x_it.o [1]
CSTACK$$Base            0x20001008          --   Gb  - Linker created -
CSTACK$$Limit           0x20001808          --   Gb  - Linker created -
DebugMon_Handler        0x080030f3    0x2  Code  Gb  stm32f10x_it.o [1]
Delay_Init              0x08001095   0x28  Code  Gb  delay.o [1]
Delay_ms                0x080010bd   0x36  Code  Gb  delay.o [1]
EXTI9_5_IRQHandler      0x080030d7    0x2  Code  Gb  stm32f10x_it.o [1]
FLASH_ErasePage         0x080024e5   0x5e  Code  Gb  stm32f10x_flash.o [1]
FLASH_GetBank1Status    0x080025c3   0x34  Code  Gb  stm32f10x_flash.o [1]
FLASH_Lock              0x080024d3   0x12  Code  Gb  stm32f10x_flash.o [1]
FLASH_ProgramWord       0x08002543   0x80  Code  Gb  stm32f10x_flash.o [1]
FLASH_Unlock            0x080024bd   0x16  Code  Gb  stm32f10x_flash.o [1]
FLASH_WaitForLastOperation
                        0x08002611   0x2e  Code  Gb  stm32f10x_flash.o [1]
GPIO_Init               0x08001785  0x136  Code  Gb  stm32f10x_gpio.o [1]
GPIO_ReadInputDataBit   0x080018bb   0x1a  Code  Gb  stm32f10x_gpio.o [1]
GPIO_WriteBit           0x080018d5   0x12  Code  Gb  stm32f10x_gpio.o [1]
HardFault_Handler       0x080030e9    0x2  Code  Gb  stm32f10x_it.o [1]
I2C1_ER_IRQHandler      0x080030fb    0x2  Code  Gb  stm32f10x_it.o [1]
InStream_Read           0x08002d45   0x22  Code  Lc  packbits_init.o [4]
MB_USART_PORT           0x20000f80   0x1c  Data  Gb  portserial.o [1]
MemManage_Handler       0x080030eb    0x2  Code  Gb  stm32f10x_it.o [1]
NMI_Handler             0x080030e7    0x2  Code  Gb  stm32f10x_it.o [1]
NVIC_Configuration      0x08003053   0x48  Code  Gb  init.o [1]
NVIC_Init               0x08001397   0x68  Code  Gb  misc.o [1]
NVIC_PriorityGroupConfig
                        0x0800138d    0xa  Code  Gb  misc.o [1]
NVIC_SystemReset        0x080023c5   0x1a  Code  Lc  BootDrv_Adapter.o [1]
PendSV_Handler          0x080030f5    0x2  Code  Gb  stm32f10x_it.o [1]
RCC_APB1PeriphClockCmd  0x08001203   0x1e  Code  Gb  stm32f10x_rcc.o [1]
RCC_APB2PeriphClockCmd  0x080011e5   0x1e  Code  Gb  stm32f10x_rcc.o [1]
RCC_Configuration       0x0800302d   0x26  Code  Gb  init.o [1]
RCC_GetClocksFreq       0x08001109   0xdc  Code  Gb  stm32f10x_rcc.o [1]
RTCAlarm_IRQHandler     0x080030fd    0x2  Code  Gb  stm32f10x_it.o [1]
RTC_IRQHandler          0x080030f7    0x2  Code  Gb  stm32f10x_it.o [1]
Region$$Table$$Base     0x08003174          --   Gb  - Linker created -
Region$$Table$$Limit    0x080031a0          --   Gb  - Linker created -
SPI2_IRQHandler         0x080030f9    0x2  Code  Gb  stm32f10x_it.o [1]
SVC_Handler             0x080030f1    0x2  Code  Gb  stm32f10x_it.o [1]
SetSysClock             0x08002a41    0x8  Code  Lc  system_stm32f10x.o [1]
SetSysClockTo72         0x08002a49   0xe0  Code  Lc  system_stm32f10x.o [1]
StatusBuffer_un         0x20000d60  0x100  Data  Gb  BootApp_HandleCmd.o [1]
SysTick_CLKSourceConfig
                        0x080013ff   0x20  Code  Gb  misc.o [1]
SystemCoreClock         0x20000198    0x4  Data  Gb  system_stm32f10x.o [1]
SystemInit              0x080029ed   0x54  Code  Gb  system_stm32f10x.o [1]
TIM2_IRQHandler         0x080030d9    0xe  Code  Gb  stm32f10x_it.o [1]
TIM4_IRQHandler         0x08000b0b   0x1c  Code  Gb  porttimer.o [1]
TIM_ARRPreloadConfig    0x08001303   0x1c  Code  Gb  stm32f10x_tim.o [1]
TIM_ClearFlag           0x08001323    0x8  Code  Gb  stm32f10x_tim.o [1]
TIM_ClearITPendingBit   0x0800135d    0x8  Code  Gb  stm32f10x_tim.o [1]
TIM_Cmd                 0x080012d1   0x1c  Code  Gb  stm32f10x_tim.o [1]
TIM_GetITStatus         0x0800132b   0x32  Code  Gb  stm32f10x_tim.o [1]
TIM_ITConfig            0x080012ed   0x16  Code  Gb  stm32f10x_tim.o [1]
TIM_SetCounter          0x0800131f    0x4  Code  Gb  stm32f10x_tim.o [1]
TIM_TimeBaseInit        0x0800123d   0x94  Code  Gb  stm32f10x_tim.o [1]
USART1_IRQHandler       0x080009df   0x3c  Code  Gb  portserial.o [1]
USART2_IRQHandler       0x080030d5    0x2  Code  Gb  stm32f10x_it.o [1]
USART_ClearITPendingBit
                        0x08001071   0x24  Code  Gb  stm32f10x_usart.o [1]
USART_GetITStatus       0x08001003   0x6e  Code  Gb  stm32f10x_usart.o [1]
USART_ITConfig          0x08000f9d   0x56  Code  Gb  stm32f10x_usart.o [1]
USART_Init              0x08000eb9   0xde  Code  Gb  stm32f10x_usart.o [1]
USART_ReceiveData       0x08000ffb    0x8  Code  Gb  stm32f10x_usart.o [1]
USART_SendData          0x08000ff3    0x8  Code  Gb  stm32f10x_usart.o [1]
UsageFault_Handler      0x080030ef    0x2  Code  Gb  stm32f10x_it.o [1]
__aeabi_memclr4         0x080004f1         Code  Gb  ABImemclr4.o [4]
__as_entries_start      0xffffffff          --   Gb  command line/config [2]
__as_table_start        0xffffffff          --   Gb  command line/config [2]
__cmain                 0x080031a1         Code  Gb  cmain.o [4]
__exit                  0x08002e1d   0x14  Code  Gb  exit.o [5]
__iar_Memset4_word      0x08000519         Code  Gb  ABImemset48.o [4]
__iar_Memset8_word      0x08000519         Code  Gb  ABImemset48.o [4]
__iar_data_init3        0x08003129   0x28  Code  Gb  data_init.o [4]
__iar_packbits_init3    0x08002d67   0xb0  Code  Gb  packbits_init.o [4]
__iar_program_start     0x08003205         Code  Gb  cstartup_M.o [4]
__iar_unaligned___aeabi_memcpy
                        0x0800170d         Code  Gb  ABImemcpy_unaligned.o [4]
__iar_unaligned___aeabi_memcpy4
                        0x0800172d         Code  Gb  ABImemcpy_unaligned.o [4]
__iar_unaligned___aeabi_memcpy8
                        0x0800172d         Code  Gb  ABImemcpy_unaligned.o [4]
__iar_zero_init3        0x080004f7   0x22  Code  Gb  zero_init3.o [4]
__low_level_init        0x080031bb    0x4  Code  Gb  low_level_init.o [3]
__vector_table          0x08000000         Data  Gb  startup_stm32f10x_md.o [1]
_call_main              0x080031ad         Code  Gb  cmain.o [4]
_exit                   0x080031c5         Code  Gb  cexit.o [4]
_main                   0x080031b7         Code  Gb  cmain.o [4]
abort                   0x08002e17    0x6  Code  Gb  abort.o [3]
aucCRCHi                0x08002b44  0x100  Data  Lc  mbcrc.o [1]
aucCRCLo                0x08002c44  0x100  Data  Lc  mbcrc.o [1]
eBytePos                0x20000ffe    0x1  Data  Lc  mbascii.o [1]
eMBASCIIInit            0x0800054d   0x4e  Code  Gb  mbascii.o [1]
eMBASCIIReceive         0x080005cb   0x4a  Code  Gb  mbascii.o [1]
eMBASCIISend            0x08000615   0x72  Code  Gb  mbascii.o [1]
eMBASCIIStart           0x0800059b   0x1c  Code  Gb  mbascii.o [1]
eMBASCIIStop            0x080005b7   0x14  Code  Gb  mbascii.o [1]
eMBCurrentMode          0x20000ff8    0x1  Data  Lc  mb.o [1]
eMBEnable               0x0800154d   0x24  Code  Gb  mb.o [1]
eMBFuncReadCoils        0x08001ffb   0xc0  Code  Gb  mbfunccoils.o [1]
eMBFuncReadDiscreteInputs
                        0x08002e31   0xbe  Code  Gb  mbfuncdisc.o [1]
eMBFuncReadHoldingRegister
                        0x08001c9d   0xa4  Code  Gb  mbfuncholding.o [1]
eMBFuncReadInputRegister
                        0x08002eef   0xa2  Code  Gb  mbfuncinput.o [1]
eMBFuncReadWriteMultipleHoldingRegister
                        0x08001d41  0x112  Code  Gb  mbfuncholding.o [1]
eMBFuncReportSlaveID    0x080030a1   0x2a  Code  Gb  mbfuncother.o [1]
eMBFuncWriteCoil        0x080020bb   0x82  Code  Gb  mbfunccoils.o [1]
eMBFuncWriteHoldingRegister
                        0x08001bc9   0x4e  Code  Gb  mbfuncholding.o [1]
eMBFuncWriteMultipleCoils
                        0x0800213d   0xa4  Code  Gb  mbfunccoils.o [1]
eMBFuncWriteMultipleHoldingRegister
                        0x08001c17   0x86  Code  Gb  mbfuncholding.o [1]
eMBInit                 0x08001439  0x114  Code  Gb  mb.o [1]
eMBPoll                 0x08001571  0x11e  Code  Gb  mb.o [1]
eMBRTUInit              0x080018e9   0x5c  Code  Gb  mbrtu.o [1]
eMBRTUReceive           0x08001973   0x4e  Code  Gb  mbrtu.o [1]
eMBRTUSend              0x080019c1   0x88  Code  Gb  mbrtu.o [1]
eMBRTUStart             0x08001945   0x1a  Code  Gb  mbrtu.o [1]
eMBRTUStop              0x0800195f   0x14  Code  Gb  mbrtu.o [1]
eMBRegCoilsCB           0x08001f29    0xa  Code  Gb  portCB.o [1]
eMBRegDiscreteCB        0x08001f33    0x6  Code  Gb  portCB.o [1]
eMBRegHoldingCB         0x08001e55   0x84  Code  Gb  portCB.o [1]
eMBRegInputCB           0x08001ed9   0x50  Code  Gb  portCB.o [1]
eMBState                0x2000019e    0x1  Data  Lc  mb.o [1]
eQueuedEvent            0x20001002    0x1  Data  Lc  portevent.o [1]
eRcvState               0x20000ffd    0x1  Data  Lc  mbascii.o [1]
eRcvState               0x20001001    0x1  Data  Lc  mbrtu.o [1]
eReadMBRegHolding       0x08001f7d   0x46  Code  Gb  portCB.o [1]
eSndState               0x20000ffc    0x1  Data  Lc  mbascii.o [1]
eSndState               0x20001000    0x1  Data  Lc  mbrtu.o [1]
eWriteMBRegInput        0x08001f39   0x44  Code  Gb  portCB.o [1]
exit                    0x080031bf    0x4  Code  Gb  exit.o [3]
fac_ms                  0x20000fe4    0x2  Data  Lc  delay.o [1]
fac_us                  0x20000ff6    0x1  Data  Lc  delay.o [1]
init                    0x08003021    0xc  Code  Gb  init.o [1]
main                    0x08003101   0x28  Code  Gb  main.o [1]
peMBFrameReceiveCur     0x20000fc4    0x4  Data  Lc  mb.o [1]
peMBFrameSendCur        0x20000fb8    0x4  Data  Lc  mb.o [1]
prveMBError2Exception   0x08001fcd   0x2e  Code  Gb  mbutils.o [1]
prvucMBBIN2CHAR         0x080008ef   0x28  Code  Lc  mbascii.o [1]
prvucMBCHAR2BIN         0x080008c1   0x2e  Code  Lc  mbascii.o [1]
prvucMBLRC              0x08000917   0x1e  Code  Lc  mbascii.o [1]
prvvTIMERExpiredISR     0x08000b01    0xa  Code  Lc  porttimer.o [1]
prvvUARTRxISR           0x080009d5    0xa  Code  Lc  portserial.o [1]
prvvUARTTxReadyISR      0x080009cb    0xa  Code  Lc  portserial.o [1]
pucSndBufferCur         0x20000fdc    0x4  Data  Lc  mbascii.o [1]
pucSndBufferCur         0x20000fe0    0x4  Data  Lc  mbrtu.o [1]
pvMBFrameCloseCur       0x20000fc8    0x4  Data  Lc  mb.o [1]
pvMBFrameStartCur       0x20000fbc    0x4  Data  Lc  mb.o [1]
pvMBFrameStopCur        0x20000fc0    0x4  Data  Lc  mb.o [1]
pxMBFrameCBByteReceived
                        0x20000fcc    0x4  Data  Gb  mb.o [1]
pxMBFrameCBTransmitterEmpty
                        0x20000fd0    0x4  Data  Gb  mb.o [1]
pxMBPortCBTimerExpired  0x20000fd4    0x4  Data  Gb  mb.o [1]
slave_addr              0x20000ff3    0x1  Data  Gb  BootApp_Init.o [1]
ucASCIIBuf              0x20000190    0x4  Data  Lc  mbascii.o [1]
ucMBAddress             0x20000ff7    0x1  Data  Lc  mb.o [1]
ucMBLFCharacter         0x20000fff    0x1  Data  Lc  mbascii.o [1]
ucMBSlaveID             0x20000f60   0x20  Data  Lc  mbfuncother.o [1]
ucRTUBuf                0x20000e60  0x100  Data  Gb  mbrtu.o [1]
usMBCRC16               0x08001b85   0x44  Code  Gb  mbcrc.o [1]
usMBSlaveIDLen          0x20000fec    0x2  Data  Lc  mbfuncother.o [1]
usRcvBufferPos          0x20000fe8    0x2  Data  Lc  mbascii.o [1]
usRcvBufferPos          0x20000ff0    0x2  Data  Lc  mbrtu.o [1]
usRegHoldingBuf         0x20000b60  0x200  Data  Gb  portCB.o [1]
usRegInputBuf           0x20000000  0x100  Data  Gb  portCB.o [1]
usSndBufferCount        0x20000fea    0x2  Data  Lc  mbascii.o [1]
usSndBufferCount        0x20000fee    0x2  Data  Lc  mbrtu.o [1]
vMBPortSerialEnable     0x08000949   0x5e  Code  Gb  portserial.o [1]
vMBPortTimersDelay      0x08000aff    0x2  Code  Gb  porttimer.o [1]
vMBPortTimersDisable    0x08000ad9   0x26  Code  Gb  porttimer.o [1]
vMBPortTimersEnable     0x08000ab3   0x26  Code  Gb  porttimer.o [1]
xEventInQueue           0x20001003    0x1  Data  Lc  portevent.o [1]
xFuncHandlers           0x20000100   0x80  Data  Lc  mb.o [1]
xMBASCIIReceiveFSM      0x08000687  0x116  Code  Gb  mbascii.o [1]
xMBASCIITimerT1SExpired
                        0x08000885   0x1c  Code  Gb  mbascii.o [1]
xMBASCIITransmitFSM     0x0800079d   0xe8  Code  Gb  mbascii.o [1]
xMBPortEventGet         0x08000b4f   0x20  Code  Gb  portevent.o [1]
xMBPortEventInit        0x08000b35    0xa  Code  Gb  portevent.o [1]
xMBPortEventPost        0x08000b3f   0x10  Code  Gb  portevent.o [1]
xMBPortSerialGetByte    0x080009bb   0x10  Code  Gb  portserial.o [1]
xMBPortSerialInit       0x08000935   0x14  Code  Gb  portserial.o [1]
xMBPortSerialPutByte    0x080009a7   0x14  Code  Gb  portserial.o [1]
xMBPortTimersInit       0x08000a29   0x8a  Code  Gb  porttimer.o [1]
xMBRTUReceiveFSM        0x08001a49   0x80  Code  Gb  mbrtu.o [1]
xMBRTUTimerT35Expired   0x08001b29   0x3c  Code  Gb  mbrtu.o [1]
xMBRTUTransmitFSM       0x08001ac9   0x60  Code  Gb  mbrtu.o [1]


[1] = F:\FLT\GitHub\TestEng_BootLoader\TestEng_BootLoader\Boot\BootPrj\BootOutput\Obj
[2] = command line
[3] = dl7M_tln.a
[4] = rt7M_tl.a
[5] = shb_l.a

  12 250 bytes of readonly  code memory
     914 bytes of readonly  data memory
   6 148 bytes of readwrite data memory

Errors: none
Warnings: none
